Product: MDK-ARM Lite 5.10
Component: ARM Compiler 5.04 update 1 (build 49)
Tool: armlink [5040049]

==============================================================================

Section Cross References

    startup_stm32f10x_hd.o(RESET) refers to startup_stm32f10x_hd.o(STACK) for __initial_sp
    startup_stm32f10x_hd.o(RESET) refers to startup_stm32f10x_hd.o(.text) for Reset_Handler
    startup_stm32f10x_hd.o(RESET) refers to stm32f10x_it.o(.text) for NMI_Handler
    startup_stm32f10x_hd.o(RESET) refers to interrupt.o(.text) for DMA1_Channel1_IRQHandler
    startup_stm32f10x_hd.o(.text) refers to system_stm32f10x.o(.text) for SystemInit
    startup_stm32f10x_hd.o(.text) refers to entry.o(.ARM.Collect$$$$00000000) for __main
    main.o(.text) refers to adc.o(.text) for ADC1_Init
    main.o(.text) refers to mygpio.o(.text) for GPIO_Config
    main.o(.text) refers to stm32f10x_adc.o(.text) for ADC_SoftwareStartConvCmd
    main.o(.text) refers to fflti.o(.text) for __aeabi_i2f
    main.o(.text) refers to fdiv.o(.text) for __aeabi_fdiv
    main.o(.text) refers to usart1.o(.text) for USART1_Config
    main.o(.text) refers to timer.o(.text) for TIM1_Config
    main.o(.text) refers to commandcalc.o(.text) for CommandCalc
    main.o(.text) refers to filter.o(.data) for FilterFlag
    main.o(.text) refers to filter.o(.bss) for After_filter
    main.o(.text) refers to main.o(.data) for ThrottlePulseProp
    main.o(.text) refers to interrupt.o(.data) for USARTFlag
    usart1.o(.text) refers to stm32f10x_rcc.o(.text) for RCC_APB2PeriphClockCmd
    usart1.o(.text) refers to stm32f10x_gpio.o(.text) for GPIO_Init
    usart1.o(.text) refers to stm32f10x_usart.o(.text) for USART_Init
    adc.o(.text) refers to stm32f10x_rcc.o(.text) for RCC_AHBPeriphClockCmd
    adc.o(.text) refers to stm32f10x_gpio.o(.text) for GPIO_Init
    adc.o(.text) refers to stm32f10x_dma.o(.text) for DMA_DeInit
    adc.o(.text) refers to stm32f10x_adc.o(.text) for ADC_Init
    adc.o(.text) refers to misc.o(.text) for NVIC_Init
    adc.o(.text) refers to adc.o(.bss) for ADC_ConvertedValue
    filter.o(.text) refers to adc.o(.bss) for ADC_ConvertedValue
    filter.o(.text) refers to filter.o(.bss) for After_filter
    filter.o(.text) refers to filter.o(.data) for FilterFlag
    interrupt.o(.text) refers to stm32f10x_dma.o(.text) for DMA_GetITStatus
    interrupt.o(.text) refers to stm32f10x_adc.o(.text) for ADC_SoftwareStartConvCmd
    interrupt.o(.text) refers to filter.o(.text) for filter
    interrupt.o(.text) refers to stm32f10x_tim.o(.text) for TIM_GetITStatus
    interrupt.o(.text) refers to interrupt.o(.data) for USARTFlag
    timer.o(.text) refers to stm32f10x_rcc.o(.text) for RCC_APB2PeriphClockCmd
    timer.o(.text) refers to stm32f10x_tim.o(.text) for TIM_TimeBaseInit
    timer.o(.text) refers to misc.o(.text) for NVIC_Init
    commandcalc.o(.text) refers to fflti.o(.text) for __aeabi_i2f
    commandcalc.o(.text) refers to fmul.o(.text) for __aeabi_fmul
    commandcalc.o(.text) refers to fadd.o(.text) for __aeabi_fadd
    commandcalc.o(.text) refers to ffixi.o(.text) for __aeabi_f2iz
    commandcalc.o(.text) refers to stm32f10x_tim.o(.text) for TIM_SetCompare1
    commandcalc.o(.text) refers to main.o(.data) for ThrottlePulseProp
    mygpio.o(.text) refers to stm32f10x_rcc.o(.text) for RCC_APB2PeriphClockCmd
    mygpio.o(.text) refers to stm32f10x_gpio.o(.text) for GPIO_Init
    stm32f10x_rcc.o(.text) refers to stm32f10x_rcc.o(.data) for APBAHBPrescTable
    stm32f10x_gpio.o(.text) refers to stm32f10x_rcc.o(.text) for RCC_APB2PeriphResetCmd
    stm32f10x_usart.o(.text) refers to stm32f10x_rcc.o(.text) for RCC_APB2PeriphResetCmd
    stm32f10x_adc.o(.text) refers to stm32f10x_rcc.o(.text) for RCC_APB2PeriphResetCmd
    stm32f10x_tim.o(.text) refers to stm32f10x_rcc.o(.text) for RCC_APB2PeriphResetCmd
    system_stm32f10x.o(.text) refers to system_stm32f10x.o(.data) for SystemCoreClock
    entry.o(.ARM.Collect$$$$00000000) refers (Special) to entry10a.o(.ARM.Collect$$$$0000000D) for __rt_final_cpp
    entry.o(.ARM.Collect$$$$00000000) refers (Special) to entry11a.o(.ARM.Collect$$$$0000000F) for __rt_final_exit
    entry.o(.ARM.Collect$$$$00000000) refers (Special) to entry7b.o(.ARM.Collect$$$$00000008) for _main_clock
    entry.o(.ARM.Collect$$$$00000000) refers (Special) to entry8b.o(.ARM.Collect$$$$0000000A) for _main_cpp_init
    entry.o(.ARM.Collect$$$$00000000) refers (Special) to entry9a.o(.ARM.Collect$$$$0000000B) for _main_init
    entry.o(.ARM.Collect$$$$00000000) refers (Special) to entry5.o(.ARM.Collect$$$$00000004) for _main_scatterload
    entry.o(.ARM.Collect$$$$00000000) refers (Special) to entry2.o(.ARM.Collect$$$$00000001) for _main_stk
    fadd.o(.text) refers (Special) to iusefp.o(.text) for __I$use$fp
    fadd.o(.text) refers to fepilogue.o(.text) for _float_epilogue
    fmul.o(.text) refers (Special) to iusefp.o(.text) for __I$use$fp
    fdiv.o(.text) refers (Special) to iusefp.o(.text) for __I$use$fp
    fdiv.o(.text) refers to fepilogue.o(.text) for _float_round
    fflti.o(.text) refers (Special) to iusefp.o(.text) for __I$use$fp
    fflti.o(.text) refers to fepilogue.o(.text) for _float_epilogue
    ffixi.o(.text) refers (Special) to iusefp.o(.text) for __I$use$fp
    entry2.o(.ARM.Collect$$$$00000001) refers to entry2.o(.ARM.Collect$$$$00002712) for __lit__00000000
    entry2.o(.ARM.Collect$$$$00002712) refers to startup_stm32f10x_hd.o(STACK) for __initial_sp
    entry2.o(__vectab_stack_and_reset_area) refers to startup_stm32f10x_hd.o(STACK) for __initial_sp
    entry2.o(__vectab_stack_and_reset_area) refers to entry.o(.ARM.Collect$$$$00000000) for __main
    entry5.o(.ARM.Collect$$$$00000004) refers to init.o(.text) for __scatterload
    entry9a.o(.ARM.Collect$$$$0000000B) refers to main.o(.text) for main
    entry9b.o(.ARM.Collect$$$$0000000C) refers to main.o(.text) for main
    init.o(.text) refers to entry5.o(.ARM.Collect$$$$00000004) for __main_after_scatterload


==============================================================================

Removing Unused input sections from the image.

    Removing startup_stm32f10x_hd.o(HEAP), (512 bytes).
    Removing core_cm3.o(.emb_text), (32 bytes).

2 unused section(s) (total 544 bytes) removed from the image.

==============================================================================

Image Symbol Table

    Local Symbols

    Symbol Name                              Value     Ov Type        Size  Object(Section)

    ../clib/microlib/init/entry.s            0x00000000   Number         0  entry.o ABSOLUTE
    ../clib/microlib/init/entry.s            0x00000000   Number         0  entry11b.o ABSOLUTE
    ../clib/microlib/init/entry.s            0x00000000   Number         0  entry10b.o ABSOLUTE
    ../clib/microlib/init/entry.s            0x00000000   Number         0  entry11a.o ABSOLUTE
    ../clib/microlib/init/entry.s            0x00000000   Number         0  entry10a.o ABSOLUTE
    ../clib/microlib/init/entry.s            0x00000000   Number         0  entry9b.o ABSOLUTE
    ../clib/microlib/init/entry.s            0x00000000   Number         0  entry9a.o ABSOLUTE
    ../clib/microlib/init/entry.s            0x00000000   Number         0  entry8b.o ABSOLUTE
    ../clib/microlib/init/entry.s            0x00000000   Number         0  entry8a.o ABSOLUTE
    ../clib/microlib/init/entry.s            0x00000000   Number         0  entry7b.o ABSOLUTE
    ../clib/microlib/init/entry.s            0x00000000   Number         0  entry7a.o ABSOLUTE
    ../clib/microlib/init/entry.s            0x00000000   Number         0  entry5.o ABSOLUTE
    ../clib/microlib/init/entry.s            0x00000000   Number         0  entry2.o ABSOLUTE
    ../clib/microlib/stubs.s                 0x00000000   Number         0  iusefp.o ABSOLUTE
    ../fplib/microlib/fpadd.c                0x00000000   Number         0  fadd.o ABSOLUTE
    ../fplib/microlib/fpdiv.c                0x00000000   Number         0  fdiv.o ABSOLUTE
    ../fplib/microlib/fpepilogue.c           0x00000000   Number         0  fepilogue.o ABSOLUTE
    ../fplib/microlib/fpfix.c                0x00000000   Number         0  ffixi.o ABSOLUTE
    ../fplib/microlib/fpflt.c                0x00000000   Number         0  fflti.o ABSOLUTE
    ../fplib/microlib/fpmul.c                0x00000000   Number         0  fmul.o ABSOLUTE
    ..\CMSIS\core_cm3.c                      0x00000000   Number         0  core_cm3.o ABSOLUTE
    ..\CMSIS\startup\startup_stm32f10x_hd.s  0x00000000   Number         0  startup_stm32f10x_hd.o ABSOLUTE
    ..\CMSIS\system_stm32f10x.c              0x00000000   Number         0  system_stm32f10x.o ABSOLUTE
    ..\FWlib\src\stm32f10x_adc.c             0x00000000   Number         0  stm32f10x_adc.o ABSOLUTE
    ..\FWlib\src\stm32f10x_dma.c             0x00000000   Number         0  stm32f10x_dma.o ABSOLUTE
    ..\FWlib\src\stm32f10x_gpio.c            0x00000000   Number         0  stm32f10x_gpio.o ABSOLUTE
    ..\FWlib\src\stm32f10x_rcc.c             0x00000000   Number         0  stm32f10x_rcc.o ABSOLUTE
    ..\FWlib\src\stm32f10x_tim.c             0x00000000   Number         0  stm32f10x_tim.o ABSOLUTE
    ..\FWlib\src\stm32f10x_usart.c           0x00000000   Number         0  stm32f10x_usart.o ABSOLUTE
    ..\\CMSIS\\core_cm3.c                    0x00000000   Number         0  core_cm3.o ABSOLUTE
    CommandCalc.c                            0x00000000   Number         0  commandcalc.o ABSOLUTE
    Timer.c                                  0x00000000   Number         0  timer.o ABSOLUTE
    adc.c                                    0x00000000   Number         0  adc.o ABSOLUTE
    dc.s                                     0x00000000   Number         0  dc.o ABSOLUTE
    filter.c                                 0x00000000   Number         0  filter.o ABSOLUTE
    handlers.s                               0x00000000   Number         0  handlers.o ABSOLUTE
    init.s                                   0x00000000   Number         0  init.o ABSOLUTE
    interrupt.c                              0x00000000   Number         0  interrupt.o ABSOLUTE
    main.c                                   0x00000000   Number         0  main.o ABSOLUTE
    misc.c                                   0x00000000   Number         0  misc.o ABSOLUTE
    myGPIO.c                                 0x00000000   Number         0  mygpio.o ABSOLUTE
    stm32f10x_it.c                           0x00000000   Number         0  stm32f10x_it.o ABSOLUTE
    usart1.c                                 0x00000000   Number         0  usart1.o ABSOLUTE
    RESET                                    0x08000000   Section      304  startup_stm32f10x_hd.o(RESET)
    .ARM.Collect$$$$00000000                 0x08000130   Section        0  entry.o(.ARM.Collect$$$$00000000)
    .ARM.Collect$$$$00000001                 0x08000130   Section        4  entry2.o(.ARM.Collect$$$$00000001)
    .ARM.Collect$$$$00000004                 0x08000134   Section        4  entry5.o(.ARM.Collect$$$$00000004)
    .ARM.Collect$$$$00000008                 0x08000138   Section        0  entry7b.o(.ARM.Collect$$$$00000008)
    .ARM.Collect$$$$0000000A                 0x08000138   Section        0  entry8b.o(.ARM.Collect$$$$0000000A)
    .ARM.Collect$$$$0000000B                 0x08000138   Section        8  entry9a.o(.ARM.Collect$$$$0000000B)
    .ARM.Collect$$$$0000000D                 0x08000140   Section        0  entry10a.o(.ARM.Collect$$$$0000000D)
    .ARM.Collect$$$$0000000F                 0x08000140   Section        0  entry11a.o(.ARM.Collect$$$$0000000F)
    .ARM.Collect$$$$00002712                 0x08000140   Section        4  entry2.o(.ARM.Collect$$$$00002712)
    __lit__00000000                          0x08000140   Data           4  entry2.o(.ARM.Collect$$$$00002712)
    .text                                    0x08000144   Section       36  startup_stm32f10x_hd.o(.text)
    .text                                    0x08000168   Section        0  main.o(.text)
    .text                                    0x08000278   Section        0  stm32f10x_it.o(.text)
    .text                                    0x08000294   Section        0  usart1.o(.text)
    itoa                                     0x08000327   Thumb Code    98  usart1.o(.text)
    .text                                    0x08000498   Section        0  adc.o(.text)
    ADC1_GPIO_Config                         0x08000499   Thumb Code    42  adc.o(.text)
    ADC1_Mode_Config                         0x080004c3   Thumb Code   264  adc.o(.text)
    .text                                    0x080005e8   Section        0  filter.o(.text)
    .text                                    0x08000638   Section        0  interrupt.o(.text)
    .text                                    0x08000680   Section        0  timer.o(.text)
    .text                                    0x08000790   Section        0  commandcalc.o(.text)
    .text                                    0x080008a0   Section        0  mygpio.o(.text)
    .text                                    0x08000900   Section        0  stm32f10x_rcc.o(.text)
    .text                                    0x08000ca4   Section        0  stm32f10x_gpio.o(.text)
    .text                                    0x08001000   Section        0  stm32f10x_usart.o(.text)
    .text                                    0x08001408   Section        0  stm32f10x_adc.o(.text)
    .text                                    0x08001858   Section        0  stm32f10x_dma.o(.text)
    .text                                    0x08001aac   Section        0  stm32f10x_tim.o(.text)
    TI4_Config                               0x08001f53   Thumb Code   130  stm32f10x_tim.o(.text)
    TI3_Config                               0x08001fe7   Thumb Code   122  stm32f10x_tim.o(.text)
    TI2_Config                               0x0800207b   Thumb Code   130  stm32f10x_tim.o(.text)
    TI1_Config                               0x0800210f   Thumb Code   108  stm32f10x_tim.o(.text)
    .text                                    0x080028c8   Section        0  misc.o(.text)
    .text                                    0x080029a4   Section        0  system_stm32f10x.o(.text)
    SetSysClockTo72                          0x080029a5   Thumb Code   214  system_stm32f10x.o(.text)
    SetSysClock                              0x08002a7b   Thumb Code     8  system_stm32f10x.o(.text)
    .text                                    0x08002b84   Section        0  fadd.o(.text)
    .text                                    0x08002c34   Section        0  fmul.o(.text)
    .text                                    0x08002c98   Section        0  fdiv.o(.text)
    .text                                    0x08002d14   Section        0  fflti.o(.text)
    .text                                    0x08002d26   Section        0  ffixi.o(.text)
    .text                                    0x08002d58   Section        0  iusefp.o(.text)
    .text                                    0x08002d58   Section        0  fepilogue.o(.text)
    .text                                    0x08002dc8   Section       36  init.o(.text)
    i.__scatterload_copy                     0x08002dec   Section       14  handlers.o(i.__scatterload_copy)
    i.__scatterload_null                     0x08002dfa   Section        2  handlers.o(i.__scatterload_null)
    i.__scatterload_zeroinit                 0x08002dfc   Section       14  handlers.o(i.__scatterload_zeroinit)
    .data                                    0x20000000   Section       12  main.o(.data)
    .data                                    0x2000000c   Section        1  filter.o(.data)
    .data                                    0x2000000d   Section        1  interrupt.o(.data)
    .data                                    0x2000000e   Section       20  stm32f10x_rcc.o(.data)
    APBAHBPrescTable                         0x2000000e   Data          16  stm32f10x_rcc.o(.data)
    ADCPrescTable                            0x2000001e   Data           4  stm32f10x_rcc.o(.data)
    .data                                    0x20000024   Section       20  system_stm32f10x.o(.data)
    .bss                                     0x20000038   Section      192  adc.o(.bss)
    .bss                                     0x200000f8   Section       12  filter.o(.bss)
    STACK                                    0x20000108   Section     1024  startup_stm32f10x_hd.o(STACK)

    Global Symbols

    Symbol Name                              Value     Ov Type        Size  Object(Section)

    BuildAttributes$$THM_ISAv4$P$D$K$B$S$PE$A:L22UL41UL21$X:L11$S22US41US21$IEEE1$IW$USESV6$~STKCKD$USESV7$~SHL$OTIME$ROPI$EBA8$MICROLIB$REQ8$PRES8$EABIv2 0x00000000   Number         0  anon$$obj.o ABSOLUTE
    __ARM_use_no_argv                        0x00000000   Number         0  main.o ABSOLUTE
    __cpp_initialize__aeabi_                  - Undefined Weak Reference
    __cxa_finalize                            - Undefined Weak Reference
    __decompress                              - Undefined Weak Reference
    _clock_init                               - Undefined Weak Reference
    _microlib_exit                            - Undefined Weak Reference
    __Vectors_Size                           0x00000130   Number         0  startup_stm32f10x_hd.o ABSOLUTE
    __Vectors                                0x08000000   Data           4  startup_stm32f10x_hd.o(RESET)
    __Vectors_End                            0x08000130   Data           0  startup_stm32f10x_hd.o(RESET)
    __main                                   0x08000131   Thumb Code     0  entry.o(.ARM.Collect$$$$00000000)
    _main_stk                                0x08000131   Thumb Code     0  entry2.o(.ARM.Collect$$$$00000001)
    _main_scatterload                        0x08000135   Thumb Code     0  entry5.o(.ARM.Collect$$$$00000004)
    __main_after_scatterload                 0x08000139   Thumb Code     0  entry5.o(.ARM.Collect$$$$00000004)
    _main_clock                              0x08000139   Thumb Code     0  entry7b.o(.ARM.Collect$$$$00000008)
    _main_cpp_init                           0x08000139   Thumb Code     0  entry8b.o(.ARM.Collect$$$$0000000A)
    _main_init                               0x08000139   Thumb Code     0  entry9a.o(.ARM.Collect$$$$0000000B)
    __rt_final_cpp                           0x08000141   Thumb Code     0  entry10a.o(.ARM.Collect$$$$0000000D)
    __rt_final_exit                          0x08000141   Thumb Code     0  entry11a.o(.ARM.Collect$$$$0000000F)
    Reset_Handler                            0x08000145   Thumb Code     8  startup_stm32f10x_hd.o(.text)
    ADC1_2_IRQHandler                        0x0800015f   Thumb Code     0  startup_stm32f10x_hd.o(.text)
    ADC3_IRQHandler                          0x0800015f   Thumb Code     0  startup_stm32f10x_hd.o(.text)
    CAN1_RX1_IRQHandler                      0x0800015f   Thumb Code     0  startup_stm32f10x_hd.o(.text)
    CAN1_SCE_IRQHandler                      0x0800015f   Thumb Code     0  startup_stm32f10x_hd.o(.text)
    DMA1_Channel2_IRQHandler                 0x0800015f   Thumb Code     0  startup_stm32f10x_hd.o(.text)
    DMA1_Channel3_IRQHandler                 0x0800015f   Thumb Code     0  startup_stm32f10x_hd.o(.text)
    DMA1_Channel4_IRQHandler                 0x0800015f   Thumb Code     0  startup_stm32f10x_hd.o(.text)
    DMA1_Channel5_IRQHandler                 0x0800015f   Thumb Code     0  startup_stm32f10x_hd.o(.text)
    DMA1_Channel6_IRQHandler                 0x0800015f   Thumb Code     0  startup_stm32f10x_hd.o(.text)
    DMA1_Channel7_IRQHandler                 0x0800015f   Thumb Code     0  startup_stm32f10x_hd.o(.text)
    DMA2_Channel1_IRQHandler                 0x0800015f   Thumb Code     0  startup_stm32f10x_hd.o(.text)
    DMA2_Channel2_IRQHandler                 0x0800015f   Thumb Code     0  startup_stm32f10x_hd.o(.text)
    DMA2_Channel3_IRQHandler                 0x0800015f   Thumb Code     0  startup_stm32f10x_hd.o(.text)
    DMA2_Channel4_5_IRQHandler               0x0800015f   Thumb Code     0  startup_stm32f10x_hd.o(.text)
    EXTI0_IRQHandler                         0x0800015f   Thumb Code     0  startup_stm32f10x_hd.o(.text)
    EXTI15_10_IRQHandler                     0x0800015f   Thumb Code     0  startup_stm32f10x_hd.o(.text)
    EXTI1_IRQHandler                         0x0800015f   Thumb Code     0  startup_stm32f10x_hd.o(.text)
    EXTI2_IRQHandler                         0x0800015f   Thumb Code     0  startup_stm32f10x_hd.o(.text)
    EXTI3_IRQHandler                         0x0800015f   Thumb Code     0  startup_stm32f10x_hd.o(.text)
    EXTI4_IRQHandler                         0x0800015f   Thumb Code     0  startup_stm32f10x_hd.o(.text)
    EXTI9_5_IRQHandler                       0x0800015f   Thumb Code     0  startup_stm32f10x_hd.o(.text)
    FLASH_IRQHandler                         0x0800015f   Thumb Code     0  startup_stm32f10x_hd.o(.text)
    FSMC_IRQHandler                          0x0800015f   Thumb Code     0  startup_stm32f10x_hd.o(.text)
    I2C1_ER_IRQHandler                       0x0800015f   Thumb Code     0  startup_stm32f10x_hd.o(.text)
    I2C1_EV_IRQHandler                       0x0800015f   Thumb Code     0  startup_stm32f10x_hd.o(.text)
    I2C2_ER_IRQHandler                       0x0800015f   Thumb Code     0  startup_stm32f10x_hd.o(.text)
    I2C2_EV_IRQHandler                       0x0800015f   Thumb Code     0  startup_stm32f10x_hd.o(.text)
    PVD_IRQHandler                           0x0800015f   Thumb Code     0  startup_stm32f10x_hd.o(.text)
    RCC_IRQHandler                           0x0800015f   Thumb Code     0  startup_stm32f10x_hd.o(.text)
    RTCAlarm_IRQHandler                      0x0800015f   Thumb Code     0  startup_stm32f10x_hd.o(.text)
    RTC_IRQHandler                           0x0800015f   Thumb Code     0  startup_stm32f10x_hd.o(.text)
    SDIO_IRQHandler                          0x0800015f   Thumb Code     0  startup_stm32f10x_hd.o(.text)
    SPI1_IRQHandler                          0x0800015f   Thumb Code     0  startup_stm32f10x_hd.o(.text)
    SPI2_IRQHandler                          0x0800015f   Thumb Code     0  startup_stm32f10x_hd.o(.text)
    SPI3_IRQHandler                          0x0800015f   Thumb Code     0  startup_stm32f10x_hd.o(.text)
    TAMPER_IRQHandler                        0x0800015f   Thumb Code     0  startup_stm32f10x_hd.o(.text)
    TIM1_BRK_IRQHandler                      0x0800015f   Thumb Code     0  startup_stm32f10x_hd.o(.text)
    TIM1_CC_IRQHandler                       0x0800015f   Thumb Code     0  startup_stm32f10x_hd.o(.text)
    TIM1_TRG_COM_IRQHandler                  0x0800015f   Thumb Code     0  startup_stm32f10x_hd.o(.text)
    TIM2_IRQHandler                          0x0800015f   Thumb Code     0  startup_stm32f10x_hd.o(.text)
    TIM3_IRQHandler                          0x0800015f   Thumb Code     0  startup_stm32f10x_hd.o(.text)
    TIM4_IRQHandler                          0x0800015f   Thumb Code     0  startup_stm32f10x_hd.o(.text)
    TIM5_IRQHandler                          0x0800015f   Thumb Code     0  startup_stm32f10x_hd.o(.text)
    TIM6_IRQHandler                          0x0800015f   Thumb Code     0  startup_stm32f10x_hd.o(.text)
    TIM7_IRQHandler                          0x0800015f   Thumb Code     0  startup_stm32f10x_hd.o(.text)
    TIM8_BRK_IRQHandler                      0x0800015f   Thumb Code     0  startup_stm32f10x_hd.o(.text)
    TIM8_CC_IRQHandler                       0x0800015f   Thumb Code     0  startup_stm32f10x_hd.o(.text)
    TIM8_TRG_COM_IRQHandler                  0x0800015f   Thumb Code     0  startup_stm32f10x_hd.o(.text)
    TIM8_UP_IRQHandler                       0x0800015f   Thumb Code     0  startup_stm32f10x_hd.o(.text)
    UART4_IRQHandler                         0x0800015f   Thumb Code     0  startup_stm32f10x_hd.o(.text)
    UART5_IRQHandler                         0x0800015f   Thumb Code     0  startup_stm32f10x_hd.o(.text)
    USART1_IRQHandler                        0x0800015f   Thumb Code     0  startup_stm32f10x_hd.o(.text)
    USART2_IRQHandler                        0x0800015f   Thumb Code     0  startup_stm32f10x_hd.o(.text)
    USART3_IRQHandler                        0x0800015f   Thumb Code     0  startup_stm32f10x_hd.o(.text)
    USBWakeUp_IRQHandler                     0x0800015f   Thumb Code     0  startup_stm32f10x_hd.o(.text)
    USB_HP_CAN1_TX_IRQHandler                0x0800015f   Thumb Code     0  startup_stm32f10x_hd.o(.text)
    USB_LP_CAN1_RX0_IRQHandler               0x0800015f   Thumb Code     0  startup_stm32f10x_hd.o(.text)
    WWDG_IRQHandler                          0x0800015f   Thumb Code     0  startup_stm32f10x_hd.o(.text)
    Delay                                    0x08000169   Thumb Code    18  main.o(.text)
    main                                     0x0800017b   Thumb Code   212  main.o(.text)
    NMI_Handler                              0x08000279   Thumb Code     2  stm32f10x_it.o(.text)
    HardFault_Handler                        0x0800027b   Thumb Code     4  stm32f10x_it.o(.text)
    MemManage_Handler                        0x0800027f   Thumb Code     4  stm32f10x_it.o(.text)
    BusFault_Handler                         0x08000283   Thumb Code     4  stm32f10x_it.o(.text)
    UsageFault_Handler                       0x08000287   Thumb Code     4  stm32f10x_it.o(.text)
    SVC_Handler                              0x0800028b   Thumb Code     2  stm32f10x_it.o(.text)
    DebugMon_Handler                         0x0800028d   Thumb Code     2  stm32f10x_it.o(.text)
    PendSV_Handler                           0x0800028f   Thumb Code     2  stm32f10x_it.o(.text)
    SysTick_Handler                          0x08000291   Thumb Code     2  stm32f10x_it.o(.text)
    USART1_Config                            0x08000295   Thumb Code   114  usart1.o(.text)
    fputc                                    0x08000307   Thumb Code    32  usart1.o(.text)
    USART1_printf                            0x08000389   Thumb Code   262  usart1.o(.text)
    ADC1_Init                                0x080005cb   Thumb Code    12  adc.o(.text)
    filter                                   0x080005e9   Thumb Code    68  filter.o(.text)
    DMA1_Channel1_IRQHandler                 0x08000639   Thumb Code    30  interrupt.o(.text)
    TIM1_UP_IRQHandler                       0x08000657   Thumb Code    28  interrupt.o(.text)
    TIM1_Config                              0x08000681   Thumb Code    98  timer.o(.text)
    TIM3_Config                              0x080006e3   Thumb Code   166  timer.o(.text)
    myABS                                    0x08000791   Thumb Code     8  commandcalc.o(.text)
    CommandCalc                              0x08000799   Thumb Code   244  commandcalc.o(.text)
    GPIO_Config                              0x080008a1   Thumb Code    86  mygpio.o(.text)
    RCC_DeInit                               0x08000901   Thumb Code    64  stm32f10x_rcc.o(.text)
    RCC_HSEConfig                            0x08000941   Thumb Code    70  stm32f10x_rcc.o(.text)
    RCC_GetFlagStatus                        0x08000987   Thumb Code    56  stm32f10x_rcc.o(.text)
    RCC_WaitForHSEStartUp                    0x080009bf   Thumb Code    56  stm32f10x_rcc.o(.text)
    RCC_AdjustHSICalibrationValue            0x080009f7   Thumb Code    20  stm32f10x_rcc.o(.text)
    RCC_HSICmd                               0x08000a0b   Thumb Code     6  stm32f10x_rcc.o(.text)
    RCC_PLLConfig                            0x08000a11   Thumb Code    24  stm32f10x_rcc.o(.text)
    RCC_PLLCmd                               0x08000a29   Thumb Code     6  stm32f10x_rcc.o(.text)
    RCC_SYSCLKConfig                         0x08000a2f   Thumb Code    18  stm32f10x_rcc.o(.text)
    RCC_GetSYSCLKSource                      0x08000a41   Thumb Code    10  stm32f10x_rcc.o(.text)
    RCC_HCLKConfig                           0x08000a4b   Thumb Code    18  stm32f10x_rcc.o(.text)
    RCC_PCLK1Config                          0x08000a5d   Thumb Code    18  stm32f10x_rcc.o(.text)
    RCC_PCLK2Config                          0x08000a6f   Thumb Code    20  stm32f10x_rcc.o(.text)
    RCC_ITConfig                             0x08000a83   Thumb Code    26  stm32f10x_rcc.o(.text)
    RCC_USBCLKConfig                         0x08000a9d   Thumb Code     8  stm32f10x_rcc.o(.text)
    RCC_ADCCLKConfig                         0x08000aa5   Thumb Code    18  stm32f10x_rcc.o(.text)
    RCC_LSEConfig                            0x08000ab7   Thumb Code    50  stm32f10x_rcc.o(.text)
    RCC_LSICmd                               0x08000ae9   Thumb Code     6  stm32f10x_rcc.o(.text)
    RCC_RTCCLKConfig                         0x08000aef   Thumb Code    12  stm32f10x_rcc.o(.text)
    RCC_RTCCLKCmd                            0x08000afb   Thumb Code     8  stm32f10x_rcc.o(.text)
    RCC_GetClocksFreq                        0x08000b03   Thumb Code   192  stm32f10x_rcc.o(.text)
    RCC_AHBPeriphClockCmd                    0x08000bc3   Thumb Code    26  stm32f10x_rcc.o(.text)
    RCC_APB2PeriphClockCmd                   0x08000bdd   Thumb Code    26  stm32f10x_rcc.o(.text)
    RCC_APB1PeriphClockCmd                   0x08000bf7   Thumb Code    26  stm32f10x_rcc.o(.text)
    RCC_APB2PeriphResetCmd                   0x08000c11   Thumb Code    26  stm32f10x_rcc.o(.text)
    RCC_APB1PeriphResetCmd                   0x08000c2b   Thumb Code    26  stm32f10x_rcc.o(.text)
    RCC_BackupResetCmd                       0x08000c45   Thumb Code     8  stm32f10x_rcc.o(.text)
    RCC_ClockSecuritySystemCmd               0x08000c4d   Thumb Code     6  stm32f10x_rcc.o(.text)
    RCC_MCOConfig                            0x08000c53   Thumb Code     6  stm32f10x_rcc.o(.text)
    RCC_ClearFlag                            0x08000c59   Thumb Code    14  stm32f10x_rcc.o(.text)
    RCC_GetITStatus                          0x08000c67   Thumb Code    20  stm32f10x_rcc.o(.text)
    RCC_ClearITPendingBit                    0x08000c7b   Thumb Code     6  stm32f10x_rcc.o(.text)
    GPIO_DeInit                              0x08000ca5   Thumb Code   172  stm32f10x_gpio.o(.text)
    GPIO_AFIODeInit                          0x08000d51   Thumb Code    20  stm32f10x_gpio.o(.text)
    GPIO_Init                                0x08000d65   Thumb Code   278  stm32f10x_gpio.o(.text)
    GPIO_StructInit                          0x08000e7b   Thumb Code    16  stm32f10x_gpio.o(.text)
    GPIO_ReadInputDataBit                    0x08000e8b   Thumb Code    18  stm32f10x_gpio.o(.text)
    GPIO_ReadInputData                       0x08000e9d   Thumb Code     8  stm32f10x_gpio.o(.text)
    GPIO_ReadOutputDataBit                   0x08000ea5   Thumb Code    18  stm32f10x_gpio.o(.text)
    GPIO_ReadOutputData                      0x08000eb7   Thumb Code     8  stm32f10x_gpio.o(.text)
    GPIO_SetBits                             0x08000ebf   Thumb Code     4  stm32f10x_gpio.o(.text)
    GPIO_ResetBits                           0x08000ec3   Thumb Code     4  stm32f10x_gpio.o(.text)
    GPIO_WriteBit                            0x08000ec7   Thumb Code    10  stm32f10x_gpio.o(.text)
    GPIO_Write                               0x08000ed1   Thumb Code     4  stm32f10x_gpio.o(.text)
    GPIO_PinLockConfig                       0x08000ed5   Thumb Code    18  stm32f10x_gpio.o(.text)
    GPIO_EventOutputConfig                   0x08000ee7   Thumb Code    26  stm32f10x_gpio.o(.text)
    GPIO_EventOutputCmd                      0x08000f01   Thumb Code     6  stm32f10x_gpio.o(.text)
    GPIO_PinRemapConfig                      0x08000f07   Thumb Code   138  stm32f10x_gpio.o(.text)
    GPIO_EXTILineConfig                      0x08000f91   Thumb Code    66  stm32f10x_gpio.o(.text)
    GPIO_ETH_MediaInterfaceConfig            0x08000fd3   Thumb Code     8  stm32f10x_gpio.o(.text)
    USART_DeInit                             0x08001001   Thumb Code   134  stm32f10x_usart.o(.text)
    USART_Init                               0x08001087   Thumb Code   210  stm32f10x_usart.o(.text)
    USART_StructInit                         0x08001159   Thumb Code    24  stm32f10x_usart.o(.text)
    USART_ClockInit                          0x08001171   Thumb Code    34  stm32f10x_usart.o(.text)
    USART_ClockStructInit                    0x08001193   Thumb Code    12  stm32f10x_usart.o(.text)
    USART_Cmd                                0x0800119f   Thumb Code    24  stm32f10x_usart.o(.text)
    USART_ITConfig                           0x080011b7   Thumb Code    74  stm32f10x_usart.o(.text)
    USART_DMACmd                             0x08001201   Thumb Code    18  stm32f10x_usart.o(.text)
    USART_SetAddress                         0x08001213   Thumb Code    18  stm32f10x_usart.o(.text)
    USART_WakeUpConfig                       0x08001225   Thumb Code    18  stm32f10x_usart.o(.text)
    USART_ReceiverWakeUpCmd                  0x08001237   Thumb Code    24  stm32f10x_usart.o(.text)
    USART_LINBreakDetectLengthConfig         0x0800124f   Thumb Code    18  stm32f10x_usart.o(.text)
    USART_LINCmd                             0x08001261   Thumb Code    24  stm32f10x_usart.o(.text)
    USART_SendData                           0x08001279   Thumb Code     8  stm32f10x_usart.o(.text)
    USART_ReceiveData                        0x08001281   Thumb Code    10  stm32f10x_usart.o(.text)
    USART_SendBreak                          0x0800128b   Thumb Code    10  stm32f10x_usart.o(.text)
    USART_SetGuardTime                       0x08001295   Thumb Code    16  stm32f10x_usart.o(.text)
    USART_SetPrescaler                       0x080012a5   Thumb Code    16  stm32f10x_usart.o(.text)
    USART_SmartCardCmd                       0x080012b5   Thumb Code    24  stm32f10x_usart.o(.text)
    USART_SmartCardNACKCmd                   0x080012cd   Thumb Code    24  stm32f10x_usart.o(.text)
    USART_HalfDuplexCmd                      0x080012e5   Thumb Code    24  stm32f10x_usart.o(.text)
    USART_OverSampling8Cmd                   0x080012fd   Thumb Code    22  stm32f10x_usart.o(.text)
    USART_OneBitMethodCmd                    0x08001313   Thumb Code    24  stm32f10x_usart.o(.text)
    USART_IrDAConfig                         0x0800132b   Thumb Code    18  stm32f10x_usart.o(.text)
    USART_IrDACmd                            0x0800133d   Thumb Code    24  stm32f10x_usart.o(.text)
    USART_GetFlagStatus                      0x08001355   Thumb Code    26  stm32f10x_usart.o(.text)
    USART_ClearFlag                          0x0800136f   Thumb Code    18  stm32f10x_usart.o(.text)
    USART_GetITStatus                        0x08001381   Thumb Code    84  stm32f10x_usart.o(.text)
    USART_ClearITPendingBit                  0x080013d5   Thumb Code    52  stm32f10x_usart.o(.text)
    ADC_DeInit                               0x08001409   Thumb Code    78  stm32f10x_adc.o(.text)
    ADC_Init                                 0x08001457   Thumb Code    70  stm32f10x_adc.o(.text)
    ADC_StructInit                           0x0800149d   Thumb Code    18  stm32f10x_adc.o(.text)
    ADC_Cmd                                  0x080014af   Thumb Code    22  stm32f10x_adc.o(.text)
    ADC_DMACmd                               0x080014c5   Thumb Code    22  stm32f10x_adc.o(.text)
    ADC_ITConfig                             0x080014db   Thumb Code    24  stm32f10x_adc.o(.text)
    ADC_ResetCalibration                     0x080014f3   Thumb Code    10  stm32f10x_adc.o(.text)
    ADC_GetResetCalibrationStatus            0x080014fd   Thumb Code    20  stm32f10x_adc.o(.text)
    ADC_StartCalibration                     0x08001511   Thumb Code    10  stm32f10x_adc.o(.text)
    ADC_GetCalibrationStatus                 0x0800151b   Thumb Code    20  stm32f10x_adc.o(.text)
    ADC_SoftwareStartConvCmd                 0x0800152f   Thumb Code    22  stm32f10x_adc.o(.text)
    ADC_GetSoftwareStartConvStatus           0x08001545   Thumb Code    20  stm32f10x_adc.o(.text)
    ADC_DiscModeChannelCountConfig           0x08001559   Thumb Code    24  stm32f10x_adc.o(.text)
    ADC_DiscModeCmd                          0x08001571   Thumb Code    22  stm32f10x_adc.o(.text)
    ADC_RegularChannelConfig                 0x08001587   Thumb Code   184  stm32f10x_adc.o(.text)
    ADC_ExternalTrigConvCmd                  0x0800163f   Thumb Code    22  stm32f10x_adc.o(.text)
    ADC_GetConversionValue                   0x08001655   Thumb Code     8  stm32f10x_adc.o(.text)
    ADC_GetDualModeConversionValue           0x0800165d   Thumb Code     8  stm32f10x_adc.o(.text)
    ADC_AutoInjectedConvCmd                  0x08001665   Thumb Code    22  stm32f10x_adc.o(.text)
    ADC_InjectedDiscModeCmd                  0x0800167b   Thumb Code    22  stm32f10x_adc.o(.text)
    ADC_ExternalTrigInjectedConvConfig       0x08001691   Thumb Code    16  stm32f10x_adc.o(.text)
    ADC_ExternalTrigInjectedConvCmd          0x080016a1   Thumb Code    22  stm32f10x_adc.o(.text)
    ADC_SoftwareStartInjectedConvCmd         0x080016b7   Thumb Code    22  stm32f10x_adc.o(.text)
    ADC_GetSoftwareStartInjectedConvCmdStatus 0x080016cd   Thumb Code    20  stm32f10x_adc.o(.text)
    ADC_InjectedChannelConfig                0x080016e1   Thumb Code   130  stm32f10x_adc.o(.text)
    ADC_InjectedSequencerLengthConfig        0x08001763   Thumb Code    24  stm32f10x_adc.o(.text)
    ADC_SetInjectedOffset                    0x0800177b   Thumb Code    20  stm32f10x_adc.o(.text)
    ADC_GetInjectedConversionValue           0x0800178f   Thumb Code    28  stm32f10x_adc.o(.text)
    ADC_AnalogWatchdogCmd                    0x080017ab   Thumb Code    16  stm32f10x_adc.o(.text)
    ADC_AnalogWatchdogThresholdsConfig       0x080017bb   Thumb Code     6  stm32f10x_adc.o(.text)
    ADC_AnalogWatchdogSingleChannelConfig    0x080017c1   Thumb Code    16  stm32f10x_adc.o(.text)
    ADC_TempSensorVrefintCmd                 0x080017d1   Thumb Code    64  stm32f10x_adc.o(.text)
    ADC_GetFlagStatus                        0x08001811   Thumb Code    18  stm32f10x_adc.o(.text)
    ADC_ClearFlag                            0x08001823   Thumb Code     6  stm32f10x_adc.o(.text)
    ADC_GetITStatus                          0x08001829   Thumb Code    36  stm32f10x_adc.o(.text)
    ADC_ClearITPendingBit                    0x0800184d   Thumb Code    10  stm32f10x_adc.o(.text)
    DMA_DeInit                               0x08001859   Thumb Code   324  stm32f10x_dma.o(.text)
    DMA_Init                                 0x0800199d   Thumb Code    60  stm32f10x_dma.o(.text)
    DMA_StructInit                           0x080019d9   Thumb Code    26  stm32f10x_dma.o(.text)
    DMA_Cmd                                  0x080019f3   Thumb Code    24  stm32f10x_dma.o(.text)
    DMA_ITConfig                             0x08001a0b   Thumb Code    18  stm32f10x_dma.o(.text)
    DMA_SetCurrDataCounter                   0x08001a1d   Thumb Code     4  stm32f10x_dma.o(.text)
    DMA_GetCurrDataCounter                   0x08001a21   Thumb Code     8  stm32f10x_dma.o(.text)
    DMA_GetFlagStatus                        0x08001a29   Thumb Code    40  stm32f10x_dma.o(.text)
    DMA_ClearFlag                            0x08001a51   Thumb Code    22  stm32f10x_dma.o(.text)
    DMA_GetITStatus                          0x08001a67   Thumb Code    40  stm32f10x_dma.o(.text)
    DMA_ClearITPendingBit                    0x08001a8f   Thumb Code    22  stm32f10x_dma.o(.text)
    TIM_DeInit                               0x08001aad   Thumb Code   424  stm32f10x_tim.o(.text)
    TIM_TimeBaseInit                         0x08001c55   Thumb Code   122  stm32f10x_tim.o(.text)
    TIM_OC1Init                              0x08001ccf   Thumb Code   132  stm32f10x_tim.o(.text)
    TIM_OC2Init                              0x08001d53   Thumb Code   154  stm32f10x_tim.o(.text)
    TIM_OC3Init                              0x08001ded   Thumb Code   150  stm32f10x_tim.o(.text)
    TIM_OC4Init                              0x08001e83   Thumb Code   182  stm32f10x_tim.o(.text)
    TIM_SetIC4Prescaler                      0x08001f39   Thumb Code    26  stm32f10x_tim.o(.text)
    TIM_SetIC3Prescaler                      0x08001fd5   Thumb Code    18  stm32f10x_tim.o(.text)
    TIM_SetIC2Prescaler                      0x08002061   Thumb Code    26  stm32f10x_tim.o(.text)
    TIM_SetIC1Prescaler                      0x080020fd   Thumb Code    18  stm32f10x_tim.o(.text)
    TIM_ICInit                               0x0800217b   Thumb Code   150  stm32f10x_tim.o(.text)
    TIM_PWMIConfig                           0x08002211   Thumb Code   124  stm32f10x_tim.o(.text)
    TIM_BDTRConfig                           0x0800228d   Thumb Code    32  stm32f10x_tim.o(.text)
    TIM_TimeBaseStructInit                   0x080022ad   Thumb Code    18  stm32f10x_tim.o(.text)
    TIM_OCStructInit                         0x080022bf   Thumb Code    20  stm32f10x_tim.o(.text)
    TIM_ICStructInit                         0x080022d3   Thumb Code    18  stm32f10x_tim.o(.text)
    TIM_BDTRStructInit                       0x080022e5   Thumb Code    40  stm32f10x_tim.o(.text)
    TIM_Cmd                                  0x0800230d   Thumb Code    24  stm32f10x_tim.o(.text)
    TIM_CtrlPWMOutputs                       0x08002325   Thumb Code    30  stm32f10x_tim.o(.text)
    TIM_ITConfig                             0x08002343   Thumb Code    18  stm32f10x_tim.o(.text)
    TIM_GenerateEvent                        0x08002355   Thumb Code     4  stm32f10x_tim.o(.text)
    TIM_DMAConfig                            0x08002359   Thumb Code    10  stm32f10x_tim.o(.text)
    TIM_DMACmd                               0x08002363   Thumb Code    18  stm32f10x_tim.o(.text)
    TIM_InternalClockConfig                  0x08002375   Thumb Code    12  stm32f10x_tim.o(.text)
    TIM_SelectInputTrigger                   0x08002381   Thumb Code    18  stm32f10x_tim.o(.text)
    TIM_ITRxExternalClockConfig              0x08002393   Thumb Code    24  stm32f10x_tim.o(.text)
    TIM_TIxExternalClockConfig               0x080023ab   Thumb Code    62  stm32f10x_tim.o(.text)
    TIM_ETRConfig                            0x080023e9   Thumb Code    28  stm32f10x_tim.o(.text)
    TIM_ETRClockMode1Config                  0x08002405   Thumb Code    54  stm32f10x_tim.o(.text)
    TIM_ETRClockMode2Config                  0x0800243b   Thumb Code    32  stm32f10x_tim.o(.text)
    TIM_PrescalerConfig                      0x0800245b   Thumb Code     6  stm32f10x_tim.o(.text)
    TIM_CounterModeConfig                    0x08002461   Thumb Code    18  stm32f10x_tim.o(.text)
    TIM_EncoderInterfaceConfig               0x08002473   Thumb Code    66  stm32f10x_tim.o(.text)
    TIM_ForcedOC1Config                      0x080024b5   Thumb Code    18  stm32f10x_tim.o(.text)
    TIM_ForcedOC2Config                      0x080024c7   Thumb Code    26  stm32f10x_tim.o(.text)
    TIM_ForcedOC3Config                      0x080024e1   Thumb Code    18  stm32f10x_tim.o(.text)
    TIM_ForcedOC4Config                      0x080024f3   Thumb Code    26  stm32f10x_tim.o(.text)
    TIM_ARRPreloadConfig                     0x0800250d   Thumb Code    24  stm32f10x_tim.o(.text)
    TIM_SelectCOM                            0x08002525   Thumb Code    24  stm32f10x_tim.o(.text)
    TIM_SelectCCDMA                          0x0800253d   Thumb Code    24  stm32f10x_tim.o(.text)
    TIM_CCPreloadControl                     0x08002555   Thumb Code    24  stm32f10x_tim.o(.text)
    TIM_OC1PreloadConfig                     0x0800256d   Thumb Code    18  stm32f10x_tim.o(.text)
    TIM_OC2PreloadConfig                     0x0800257f   Thumb Code    26  stm32f10x_tim.o(.text)
    TIM_OC3PreloadConfig                     0x08002599   Thumb Code    18  stm32f10x_tim.o(.text)
    TIM_OC4PreloadConfig                     0x080025ab   Thumb Code    26  stm32f10x_tim.o(.text)
    TIM_OC1FastConfig                        0x080025c5   Thumb Code    18  stm32f10x_tim.o(.text)
    TIM_OC2FastConfig                        0x080025d7   Thumb Code    26  stm32f10x_tim.o(.text)
    TIM_OC3FastConfig                        0x080025f1   Thumb Code    18  stm32f10x_tim.o(.text)
    TIM_OC4FastConfig                        0x08002603   Thumb Code    26  stm32f10x_tim.o(.text)
    TIM_ClearOC1Ref                          0x0800261d   Thumb Code    18  stm32f10x_tim.o(.text)
    TIM_ClearOC2Ref                          0x0800262f   Thumb Code    24  stm32f10x_tim.o(.text)
    TIM_ClearOC3Ref                          0x08002647   Thumb Code    18  stm32f10x_tim.o(.text)
    TIM_ClearOC4Ref                          0x08002659   Thumb Code    24  stm32f10x_tim.o(.text)
    TIM_OC1PolarityConfig                    0x08002671   Thumb Code    18  stm32f10x_tim.o(.text)
    TIM_OC1NPolarityConfig                   0x08002683   Thumb Code    18  stm32f10x_tim.o(.text)
    TIM_OC2PolarityConfig                    0x08002695   Thumb Code    26  stm32f10x_tim.o(.text)
    TIM_OC2NPolarityConfig                   0x080026af   Thumb Code    26  stm32f10x_tim.o(.text)
    TIM_OC3PolarityConfig                    0x080026c9   Thumb Code    26  stm32f10x_tim.o(.text)
    TIM_OC3NPolarityConfig                   0x080026e3   Thumb Code    26  stm32f10x_tim.o(.text)
    TIM_OC4PolarityConfig                    0x080026fd   Thumb Code    26  stm32f10x_tim.o(.text)
    TIM_CCxCmd                               0x08002717   Thumb Code    30  stm32f10x_tim.o(.text)
    TIM_CCxNCmd                              0x08002735   Thumb Code    30  stm32f10x_tim.o(.text)
    TIM_SelectOCxM                           0x08002753   Thumb Code    82  stm32f10x_tim.o(.text)
    TIM_UpdateDisableConfig                  0x080027a5   Thumb Code    24  stm32f10x_tim.o(.text)
    TIM_UpdateRequestConfig                  0x080027bd   Thumb Code    24  stm32f10x_tim.o(.text)
    TIM_SelectHallSensor                     0x080027d5   Thumb Code    24  stm32f10x_tim.o(.text)
    TIM_SelectOnePulseMode                   0x080027ed   Thumb Code    18  stm32f10x_tim.o(.text)
    TIM_SelectOutputTrigger                  0x080027ff   Thumb Code    18  stm32f10x_tim.o(.text)
    TIM_SelectSlaveMode                      0x08002811   Thumb Code    18  stm32f10x_tim.o(.text)
    TIM_SelectMasterSlaveMode                0x08002823   Thumb Code    18  stm32f10x_tim.o(.text)
    TIM_SetCounter                           0x08002835   Thumb Code     4  stm32f10x_tim.o(.text)
    TIM_SetAutoreload                        0x08002839   Thumb Code     4  stm32f10x_tim.o(.text)
    TIM_SetCompare1                          0x0800283d   Thumb Code     4  stm32f10x_tim.o(.text)
    TIM_SetCompare2                          0x08002841   Thumb Code     4  stm32f10x_tim.o(.text)
    TIM_SetCompare3                          0x08002845   Thumb Code     4  stm32f10x_tim.o(.text)
    TIM_SetCompare4                          0x08002849   Thumb Code     6  stm32f10x_tim.o(.text)
    TIM_SetClockDivision                     0x0800284f   Thumb Code    18  stm32f10x_tim.o(.text)
    TIM_GetCapture1                          0x08002861   Thumb Code     6  stm32f10x_tim.o(.text)
    TIM_GetCapture2                          0x08002867   Thumb Code     6  stm32f10x_tim.o(.text)
    TIM_GetCapture3                          0x0800286d   Thumb Code     6  stm32f10x_tim.o(.text)
    TIM_GetCapture4                          0x08002873   Thumb Code     8  stm32f10x_tim.o(.text)
    TIM_GetCounter                           0x0800287b   Thumb Code     6  stm32f10x_tim.o(.text)
    TIM_GetPrescaler                         0x08002881   Thumb Code     6  stm32f10x_tim.o(.text)
    TIM_GetFlagStatus                        0x08002887   Thumb Code    18  stm32f10x_tim.o(.text)
    TIM_ClearFlag                            0x08002899   Thumb Code     6  stm32f10x_tim.o(.text)
    TIM_GetITStatus                          0x0800289f   Thumb Code    34  stm32f10x_tim.o(.text)
    TIM_ClearITPendingBit                    0x080028c1   Thumb Code     6  stm32f10x_tim.o(.text)
    NVIC_PriorityGroupConfig                 0x080028c9   Thumb Code    10  misc.o(.text)
    NVIC_Init                                0x080028d3   Thumb Code   100  misc.o(.text)
    NVIC_SetVectorTable                      0x08002937   Thumb Code    14  misc.o(.text)
    NVIC_SystemLPConfig                      0x08002945   Thumb Code    34  misc.o(.text)
    SysTick_CLKSourceConfig                  0x08002967   Thumb Code    40  misc.o(.text)
    SystemInit                               0x08002a83   Thumb Code    78  system_stm32f10x.o(.text)
    SystemCoreClockUpdate                    0x08002ad1   Thumb Code   142  system_stm32f10x.o(.text)
    __aeabi_fadd                             0x08002b85   Thumb Code   164  fadd.o(.text)
    __aeabi_fsub                             0x08002c29   Thumb Code     6  fadd.o(.text)
    __aeabi_frsub                            0x08002c2f   Thumb Code     6  fadd.o(.text)
    __aeabi_fmul                             0x08002c35   Thumb Code   100  fmul.o(.text)
    __aeabi_fdiv                             0x08002c99   Thumb Code   124  fdiv.o(.text)
    __aeabi_i2f                              0x08002d15   Thumb Code    18  fflti.o(.text)
    __aeabi_f2iz                             0x08002d27   Thumb Code    50  ffixi.o(.text)
    __I$use$fp                               0x08002d59   Thumb Code     0  iusefp.o(.text)
    _float_round                             0x08002d59   Thumb Code    18  fepilogue.o(.text)
    _float_epilogue                          0x08002d6b   Thumb Code    92  fepilogue.o(.text)
    __scatterload                            0x08002dc9   Thumb Code    28  init.o(.text)
    __scatterload_rt2                        0x08002dc9   Thumb Code     0  init.o(.text)
    __scatterload_copy                       0x08002ded   Thumb Code    14  handlers.o(i.__scatterload_copy)
    __scatterload_null                       0x08002dfb   Thumb Code     2  handlers.o(i.__scatterload_null)
    __scatterload_zeroinit                   0x08002dfd   Thumb Code    14  handlers.o(i.__scatterload_zeroinit)
    Region$$Table$$Base                      0x08002e0c   Number         0  anon$$obj.o(Region$$Table)
    Region$$Table$$Limit                     0x08002e2c   Number         0  anon$$obj.o(Region$$Table)
    ThrottlePulseProp                        0x20000000   Data           4  main.o(.data)
    PitchPulseProp                           0x20000004   Data           4  main.o(.data)
    RollPulseProp                            0x20000008   Data           4  main.o(.data)
    FilterFlag                               0x2000000c   Data           1  filter.o(.data)
    USARTFlag                                0x2000000d   Data           1  interrupt.o(.data)
    SystemCoreClock                          0x20000024   Data           4  system_stm32f10x.o(.data)
    AHBPrescTable                            0x20000028   Data          16  system_stm32f10x.o(.data)
    ADC_ConvertedValue                       0x20000038   Data         192  adc.o(.bss)
    After_filter                             0x200000f8   Data          12  filter.o(.bss)
    __initial_sp                             0x20000508   Data           0  startup_stm32f10x_hd.o(STACK)



==============================================================================

Memory Map of the image

  Image Entry point : 0x08000131

  Load Region LR_IROM1 (Base: 0x08000000, Size: 0x00002e64, Max: 0x00080000, ABSOLUTE)

    Execution Region ER_IROM1 (Base: 0x08000000, Size: 0x00002e2c, Max: 0x00080000, ABSOLUTE)

    Base Addr    Size         Type   Attr      Idx    E Section Name        Object

    0x08000000   0x00000130   Data   RO            3    RESET               startup_stm32f10x_hd.o
    0x08000130   0x00000000   Code   RO          333  * .ARM.Collect$$$$00000000  mc_w.l(entry.o)
    0x08000130   0x00000004   Code   RO          346    .ARM.Collect$$$$00000001  mc_w.l(entry2.o)
    0x08000134   0x00000004   Code   RO          349    .ARM.Collect$$$$00000004  mc_w.l(entry5.o)
    0x08000138   0x00000000   Code   RO          351    .ARM.Collect$$$$00000008  mc_w.l(entry7b.o)
    0x08000138   0x00000000   Code   RO          353    .ARM.Collect$$$$0000000A  mc_w.l(entry8b.o)
    0x08000138   0x00000008   Code   RO          354    .ARM.Collect$$$$0000000B  mc_w.l(entry9a.o)
    0x08000140   0x00000000   Code   RO          356    .ARM.Collect$$$$0000000D  mc_w.l(entry10a.o)
    0x08000140   0x00000000   Code   RO          358    .ARM.Collect$$$$0000000F  mc_w.l(entry11a.o)
    0x08000140   0x00000004   Code   RO          347    .ARM.Collect$$$$00002712  mc_w.l(entry2.o)
    0x08000144   0x00000024   Code   RO            4    .text               startup_stm32f10x_hd.o
    0x08000168   0x00000110   Code   RO           10    .text               main.o
    0x08000278   0x0000001a   Code   RO           95    .text               stm32f10x_it.o
    0x08000292   0x00000002   PAD
    0x08000294   0x00000204   Code   RO          110    .text               usart1.o
    0x08000498   0x00000150   Code   RO          129    .text               adc.o
    0x080005e8   0x00000050   Code   RO          144    .text               filter.o
    0x08000638   0x00000048   Code   RO          161    .text               interrupt.o
    0x08000680   0x00000110   Code   RO          179    .text               timer.o
    0x08000790   0x00000110   Code   RO          191    .text               commandcalc.o
    0x080008a0   0x00000060   Code   RO          207    .text               mygpio.o
    0x08000900   0x000003a4   Code   RO          219    .text               stm32f10x_rcc.o
    0x08000ca4   0x0000035c   Code   RO          233    .text               stm32f10x_gpio.o
    0x08001000   0x00000408   Code   RO          245    .text               stm32f10x_usart.o
    0x08001408   0x0000044e   Code   RO          257    .text               stm32f10x_adc.o
    0x08001856   0x00000002   PAD
    0x08001858   0x00000254   Code   RO          269    .text               stm32f10x_dma.o
    0x08001aac   0x00000e1a   Code   RO          281    .text               stm32f10x_tim.o
    0x080028c6   0x00000002   PAD
    0x080028c8   0x000000dc   Code   RO          293    .text               misc.o
    0x080029a4   0x000001e0   Code   RO          315    .text               system_stm32f10x.o
    0x08002b84   0x000000b0   Code   RO          336    .text               mf_w.l(fadd.o)
    0x08002c34   0x00000064   Code   RO          338    .text               mf_w.l(fmul.o)
    0x08002c98   0x0000007c   Code   RO          340    .text               mf_w.l(fdiv.o)
    0x08002d14   0x00000012   Code   RO          342    .text               mf_w.l(fflti.o)
    0x08002d26   0x00000032   Code   RO          344    .text               mf_w.l(ffixi.o)
    0x08002d58   0x00000000   Code   RO          360    .text               mc_w.l(iusefp.o)
    0x08002d58   0x0000006e   Code   RO          361    .text               mf_w.l(fepilogue.o)
    0x08002dc6   0x00000002   PAD
    0x08002dc8   0x00000024   Code   RO          363    .text               mc_w.l(init.o)
    0x08002dec   0x0000000e   Code   RO          367    i.__scatterload_copy  mc_w.l(handlers.o)
    0x08002dfa   0x00000002   Code   RO          368    i.__scatterload_null  mc_w.l(handlers.o)
    0x08002dfc   0x0000000e   Code   RO          369    i.__scatterload_zeroinit  mc_w.l(handlers.o)
    0x08002e0a   0x00000002   PAD
    0x08002e0c   0x00000020   Data   RO          365    Region$$Table       anon$$obj.o


    Execution Region RW_IRAM1 (Base: 0x20000000, Size: 0x00000508, Max: 0x00010000, ABSOLUTE)

    Base Addr    Size         Type   Attr      Idx    E Section Name        Object

    0x20000000   0x0000000c   Data   RW           11    .data               main.o
    0x2000000c   0x00000001   Data   RW          146    .data               filter.o
    0x2000000d   0x00000001   Data   RW          162    .data               interrupt.o
    0x2000000e   0x00000014   Data   RW          220    .data               stm32f10x_rcc.o
    0x20000022   0x00000002   PAD
    0x20000024   0x00000014   Data   RW          316    .data               system_stm32f10x.o
    0x20000038   0x000000c0   Zero   RW          130    .bss                adc.o
    0x200000f8   0x0000000c   Zero   RW          145    .bss                filter.o
    0x20000104   0x00000004   PAD
    0x20000108   0x00000400   Zero   RW            1    STACK               startup_stm32f10x_hd.o


==============================================================================

Image component sizes


      Code (inc. data)   RO Data    RW Data    ZI Data      Debug   Object Name

       336         18          0          0        192       1373   adc.o
       272         20          0          0          0        792   commandcalc.o
        80         12          0          1         12       1048   filter.o
        72         14          0          1          0        770   interrupt.o
       272         42          0         12          0     272614   main.o
       220         22          0          0          0       1621   misc.o
        96         10          0          0          0        458   mygpio.o
        36          8        304          0       1024        812   startup_stm32f10x_hd.o
      1102         26          0          0          0      10721   stm32f10x_adc.o
       596          8          0          0          0       4218   stm32f10x_dma.o
       860         38          0          0          0       5537   stm32f10x_gpio.o
        26          0          0          0          0       1158   stm32f10x_it.o
       932         36          0         20          0       8664   stm32f10x_rcc.o
      3610         88          0          0          0      22020   stm32f10x_tim.o
      1032         22          0          0          0       8256   stm32f10x_usart.o
       480         38          0         20          0       1695   system_stm32f10x.o
       272          8          0          0          0        802   timer.o
       516         10          0          0          0       3788   usart1.o

    ----------------------------------------------------------------------
     10816        420        336         56       1232     346347   Object Totals
         0          0         32          0          0          0   (incl. Generated)
         6          0          0          2          4          0   (incl. Padding)

    ----------------------------------------------------------------------

      Code (inc. data)   RO Data    RW Data    ZI Data      Debug   Library Member Name

         0          0          0          0          0          0   entry.o
         0          0          0          0          0          0   entry10a.o
         0          0          0          0          0          0   entry11a.o
         8          4          0          0          0          0   entry2.o
         4          0          0          0          0          0   entry5.o
         0          0          0          0          0          0   entry7b.o
         0          0          0          0          0          0   entry8b.o
         8          4          0          0          0          0   entry9a.o
        30          0          0          0          0          0   handlers.o
        36          8          0          0          0         68   init.o
         0          0          0          0          0          0   iusefp.o
       176          0          0          0          0        140   fadd.o
       124          0          0          0          0         88   fdiv.o
       110          0          0          0          0        168   fepilogue.o
        50          0          0          0          0         68   ffixi.o
        18          0          0          0          0         68   fflti.o
       100          0          0          0          0         76   fmul.o

    ----------------------------------------------------------------------
       668         16          0          0          0        676   Library Totals
         4          0          0          0          0          0   (incl. Padding)

    ----------------------------------------------------------------------

      Code (inc. data)   RO Data    RW Data    ZI Data      Debug   Library Name

        86         16          0          0          0         68   mc_w.l
       578          0          0          0          0        608   mf_w.l

    ----------------------------------------------------------------------
       668         16          0          0          0        676   Library Totals

    ----------------------------------------------------------------------

==============================================================================


      Code (inc. data)   RO Data    RW Data    ZI Data      Debug   

     11484        436        336         56       1232     345511   Grand Totals
     11484        436        336         56       1232     345511   ELF Image Totals
     11484        436        336         56          0          0   ROM Totals

==============================================================================

    Total RO  Size (Code + RO Data)                11820 (  11.54kB)
    Total RW  Size (RW Data + ZI Data)              1288 (   1.26kB)
    Total ROM Size (Code + RO Data + RW Data)      11876 (  11.60kB)

==============================================================================

