<html>
<body>
<pre>
<h1>µVision Build Log</h1>
<h2>Project:</h2>
E:\SRT_Glider\SRT\reciever\USER\STM32-DEMO (2).uvproj
Project File Date:  05/28/2015

<h2>Output:</h2>
Build target 'ADC1-DEMO'
compiling main.c...
linking...
Program Size: Code=13176 RO-data=336 RW-data=72 ZI-data=1232  
FromELF: creating hex file...
"..\Output\STM32-DEMO.axf" - 0 Error(s), 0 Warning(s).
mpiling Timer.c...
compiling CommandCalc.c...
compiling myGPIO.c...
compiling SPI_NRF.c...
compiling stm32f10x_rcc.c...
compiling stm32f10x_gpio.c...
compiling stm32f10x_usart.c...
compiling stm32f10x_adc.c...
compiling stm32f10x_dma.c...
compiling stm32f10x_tim.c...
compiling misc.c...
compiling stm32f10x_spi.c...
compiling core_cm3.c...
compiling system_stm32f10x.c...
linking...
..\Output\STM32-DEMO.axf: Error: L6200E: Symbol Delay multiply defined (by spi_nrf.o and main.o).
Not enough information to list image symbols.
Not enough information to list the image map.
Finished: 2 information, 0 warning and 1 error messages.
"..\Output\STM32-DEMO.axf" - 1 Error(s), 0 Warning(s).
Target not created
