<html>
<body>
<pre>
<h1>µVision Build Log</h1>
<h2>Project:</h2>
E:\SRT_Glider\SRT\reciever\USER\STM32-DEMO.uvproj
Project File Date:  05/28/2015

<h2>Output:</h2>
Build target 'ADC1-DEMO'
compiling main.c...
compiling stm32f10x_it.c...
compiling usart1.c...
compiling adc.c...
compiling filter.c...
compiling interrupt.c...
compiling Timer.c...
compiling CommandCalc.c...
compiling myGPIO.c...
compiling stm32f10x_rcc.c...
compiling stm32f10x_gpio.c...
compiling stm32f10x_usart.c...
compiling stm32f10x_adc.c...
compiling stm32f10x_dma.c...
compiling stm32f10x_tim.c...
compiling misc.c...
compiling system_stm32f10x.c...
linking...
Program Size: Code=16096 RO-data=488 RW-data=56 ZI-data=1232  
FromELF: creating hex file...
"..\Output\STM32-DEMO.axf" - 0 Error(s), 0 Warning(s).
</pre>
</body>
</html>
