<html>
<body>
<pre>
<h1>µVision Build Log</h1>
<h2>Project:</h2>
E:\SRT_Glider\SRT\reciever\USER\STM32-DEMO (2).uvproj
Project File Date:  05/28/2015

<h2>Output:</h2>
Rebuild target 'ADC1-DEMO'
assembling startup_stm32f10x_hd.s...
compiling main.c...
compiling stm32f10x_it.c...
compiling usart1.c...
compiling adc.c...
compiling filter.c...
compiling interrupt.c...
compiling Timer.c...
compiling CommandCalc.c...
CommandCalc.c(18): warning:  #167-D: argument of type "unsigned char *" is incompatible with parameter of type "char *restrict"
        sprintf(CommandBuf,"com%4d,,,",Pulse);
CommandCalc.c(30): warning:  #167-D: argument of type "unsigned char *" is incompatible with parameter of type "char *restrict"
        sprintf((CommandBuf+10),"%4d,,,",Pulse);
CommandCalc.c(37): warning:  #167-D: argument of type "unsigned char *" is incompatible with parameter of type "char *restrict"
        sprintf((CommandBuf+17),"%4dend",Pulse);
CommandCalc.c: 3 warnings, 0 errors
compiling myGPIO.c...
compiling SPI_NRF.c...
compiling stm32f10x_rcc.c...
compiling stm32f10x_gpio.c...
compiling stm32f10x_usart.c...
compiling stm32f10x_adc.c...
compiling stm32f10x_dma.c...
compiling stm32f10x_tim.c...
compiling misc.c...
compiling stm32f10x_spi.c...
compiling core_cm3.c...
compiling system_stm32f10x.c...
linking...
Program Size: Code=14280 RO-data=336 RW-data=72 ZI-data=1256  
FromELF: creating hex file...
"..\Output\STM32-DEMO.axf" - 0 Error(s), 3 Warning(s).
</pre>
</body>
</html>
