<html>
<body>
<pre>
<h1>µVision Build Log</h1>
<h2>Project:</h2>
E:\SRT_Glider\SRT\remoter_NRF24L01\USER\STM32-DEMO (2).uvproj
Project File Date:  05/28/2015

<h2>Output:</h2>
Build target 'ADC1-DEMO'
linking...
Program Size: Code=14300 RO-data=336 RW-data=72 ZI-data=1256  
FromELF: creating hex file...
"..\Output\STM32-DEMO.axf" - 0 Error(s), 0 Warning(s).
</pre>
</body>
</html>
4d,,,",Pulse);
CommandCalc.c(32): warning:  #167-D: argument of type "unsigned char *" is incompatible with parameter of type "char *restrict"
        sprintf((CommandBuf+10),"%4d,,,",Pulse);
CommandCalc.c(39): warning:  #167-D: argument of type "unsigned char *" is incompatible with parameter of type "char *restrict"
        sprintf((CommandBuf+17),"%4dend%c%c%c",Pulse,'\0','\0','\0');
CommandCalc.c: 3 warnings, 0 errors
linking...
Program Size: Code=14300 RO-data=336 RW-data=72 ZI-data=1256  
FromELF: creating hex file...
"..\Output\STM32-DEMO.axf" - 0 Error(s), 3 Warning(s).
);
CommandCalc.c: 3 warnings, 0 errors
compiling myGPIO.c...
compiling SPI_NRF.c...
compiling stm32f10x_rcc.c...
compiling stm32f10x_gpio.c...
compiling stm32f10x_usart.c...
compiling stm32f10x_adc.c...
compiling stm32f10x_dma.c...
compiling stm32f10x_tim.c...
compiling misc.c...
compiling stm32f10x_spi.c...
compiling core_cm3.c...
compiling system_stm32f10x.c...
linking...
Program Size: Code=14296 RO-data=336 RW-data=72 ZI-data=1256  
FromELF: creating hex file...
"..\Output\STM32-DEMO.axf" - 0 Error(s), 3 Warning(s).
