Product: MDK-ARM Lite 5.10
Component: ARM Compiler 5.04 update 1 (build 49)
Tool: armlink [5040049]

==============================================================================

Section Cross References

    startup_stm32f10x_hd.o(RESET) refers to startup_stm32f10x_hd.o(STACK) for __initial_sp
    startup_stm32f10x_hd.o(RESET) refers to startup_stm32f10x_hd.o(.text) for Reset_Handler
    startup_stm32f10x_hd.o(RESET) refers to stm32f10x_it.o(.text) for NMI_Handler
    startup_stm32f10x_hd.o(RESET) refers to interrupt.o(.text) for DMA1_Channel1_IRQHandler
    startup_stm32f10x_hd.o(.text) refers to system_stm32f10x.o(.text) for SystemInit
    startup_stm32f10x_hd.o(.text) refers to entry.o(.ARM.Collect$$$$00000000) for __main
    main.o(.text) refers to adc.o(.text) for ADC1_Init
    main.o(.text) refers to mygpio.o(.text) for GPIO_Config
    main.o(.text) refers to spi_nrf.o(.text) for Delay
    main.o(.text) refers to stm32f10x_adc.o(.text) for ADC_SoftwareStartConvCmd
    main.o(.text) refers to fflti.o(.text) for __aeabi_i2f
    main.o(.text) refers to fdiv.o(.text) for __aeabi_fdiv
    main.o(.text) refers to usart1.o(.text) for USART1_Config
    main.o(.text) refers to printf6.o(i.__0printf$6) for __2printf
    main.o(.text) refers to timer.o(.text) for TIM1_Config
    main.o(.text) refers to commandcalc.o(.text) for CommandCalc
    main.o(.text) refers to filter.o(.data) for FilterFlag
    main.o(.text) refers to filter.o(.bss) for After_filter
    main.o(.text) refers to main.o(.data) for ThrottlePulseProp
    main.o(.text) refers to interrupt.o(.data) for SendFlag
    main.o(.text) refers to commandcalc.o(.bss) for CommandBuf
    usart1.o(.text) refers to stm32f10x_rcc.o(.text) for RCC_APB2PeriphClockCmd
    usart1.o(.text) refers to stm32f10x_gpio.o(.text) for GPIO_Init
    usart1.o(.text) refers to stm32f10x_usart.o(.text) for USART_Init
    adc.o(.text) refers to stm32f10x_rcc.o(.text) for RCC_AHBPeriphClockCmd
    adc.o(.text) refers to stm32f10x_gpio.o(.text) for GPIO_Init
    adc.o(.text) refers to stm32f10x_dma.o(.text) for DMA_DeInit
    adc.o(.text) refers to stm32f10x_adc.o(.text) for ADC_Init
    adc.o(.text) refers to misc.o(.text) for NVIC_Init
    adc.o(.text) refers to adc.o(.bss) for ADC_ConvertedValue
    filter.o(.text) refers to adc.o(.bss) for ADC_ConvertedValue
    filter.o(.text) refers to filter.o(.bss) for After_filter
    filter.o(.text) refers to filter.o(.data) for FilterFlag
    interrupt.o(.text) refers to stm32f10x_dma.o(.text) for DMA_GetITStatus
    interrupt.o(.text) refers to stm32f10x_adc.o(.text) for ADC_SoftwareStartConvCmd
    interrupt.o(.text) refers to filter.o(.text) for filter
    interrupt.o(.text) refers to stm32f10x_tim.o(.text) for TIM_GetITStatus
    interrupt.o(.text) refers to interrupt.o(.data) for SendFlag
    timer.o(.text) refers to stm32f10x_rcc.o(.text) for RCC_APB2PeriphClockCmd
    timer.o(.text) refers to stm32f10x_tim.o(.text) for TIM_TimeBaseInit
    timer.o(.text) refers to misc.o(.text) for NVIC_Init
    commandcalc.o(.text) refers to fflti.o(.text) for __aeabi_i2f
    commandcalc.o(.text) refers to fmul.o(.text) for __aeabi_fmul
    commandcalc.o(.text) refers to fadd.o(.text) for __aeabi_fadd
    commandcalc.o(.text) refers to ffixi.o(.text) for __aeabi_f2iz
    commandcalc.o(.text) refers to printf6.o(i.__0sprintf$6) for __2sprintf
    commandcalc.o(.text) refers to main.o(.data) for ThrottlePulseProp
    commandcalc.o(.text) refers to commandcalc.o(.bss) for CommandBuf
    mygpio.o(.text) refers to stm32f10x_rcc.o(.text) for RCC_APB2PeriphClockCmd
    mygpio.o(.text) refers to stm32f10x_gpio.o(.text) for GPIO_Init
    spi_nrf.o(.text) refers to stm32f10x_rcc.o(.text) for RCC_APB2PeriphClockCmd
    spi_nrf.o(.text) refers to stm32f10x_gpio.o(.text) for GPIO_Init
    spi_nrf.o(.text) refers to stm32f10x_spi.o(.text) for SPI_Init
    spi_nrf.o(.text) refers to spi_nrf.o(.data) for RX_ADDRESS
    stm32f10x_rcc.o(.text) refers to stm32f10x_rcc.o(.data) for APBAHBPrescTable
    stm32f10x_gpio.o(.text) refers to stm32f10x_rcc.o(.text) for RCC_APB2PeriphResetCmd
    stm32f10x_usart.o(.text) refers to stm32f10x_rcc.o(.text) for RCC_APB2PeriphResetCmd
    stm32f10x_adc.o(.text) refers to stm32f10x_rcc.o(.text) for RCC_APB2PeriphResetCmd
    stm32f10x_tim.o(.text) refers to stm32f10x_rcc.o(.text) for RCC_APB2PeriphResetCmd
    stm32f10x_spi.o(.text) refers to stm32f10x_rcc.o(.text) for RCC_APB2PeriphResetCmd
    system_stm32f10x.o(.text) refers to system_stm32f10x.o(.data) for SystemCoreClock
    entry.o(.ARM.Collect$$$$00000000) refers (Special) to entry10a.o(.ARM.Collect$$$$0000000D) for __rt_final_cpp
    entry.o(.ARM.Collect$$$$00000000) refers (Special) to entry11a.o(.ARM.Collect$$$$0000000F) for __rt_final_exit
    entry.o(.ARM.Collect$$$$00000000) refers (Special) to entry7b.o(.ARM.Collect$$$$00000008) for _main_clock
    entry.o(.ARM.Collect$$$$00000000) refers (Special) to entry8b.o(.ARM.Collect$$$$0000000A) for _main_cpp_init
    entry.o(.ARM.Collect$$$$00000000) refers (Special) to entry9a.o(.ARM.Collect$$$$0000000B) for _main_init
    entry.o(.ARM.Collect$$$$00000000) refers (Special) to entry5.o(.ARM.Collect$$$$00000004) for _main_scatterload
    entry.o(.ARM.Collect$$$$00000000) refers (Special) to entry2.o(.ARM.Collect$$$$00000001) for _main_stk
    printfb.o(i.__0fprintf$bare) refers to printfb.o(i._printf_core) for _printf_core
    printfb.o(i.__0fprintf$bare) refers to usart1.o(.text) for fputc
    printfb.o(i.__0printf$bare) refers to printfb.o(i._printf_core) for _printf_core
    printfb.o(i.__0printf$bare) refers to usart1.o(.text) for fputc
    printfb.o(i.__0printf$bare) refers to stdout.o(.data) for __stdout
    printfb.o(i.__0snprintf$bare) refers to printfb.o(i._printf_core) for _printf_core
    printfb.o(i.__0snprintf$bare) refers to printfb.o(i._snputc) for _snputc
    printfb.o(i.__0sprintf$bare) refers to printfb.o(i._printf_core) for _printf_core
    printfb.o(i.__0sprintf$bare) refers to printfb.o(i._sputc) for _sputc
    printfb.o(i.__0vfprintf$bare) refers to printfb.o(i._printf_core) for _printf_core
    printfb.o(i.__0vfprintf$bare) refers to usart1.o(.text) for fputc
    printfb.o(i.__0vprintf$bare) refers to printfb.o(i._printf_core) for _printf_core
    printfb.o(i.__0vprintf$bare) refers to usart1.o(.text) for fputc
    printfb.o(i.__0vprintf$bare) refers to stdout.o(.data) for __stdout
    printfb.o(i.__0vsnprintf$bare) refers to printfb.o(i._printf_core) for _printf_core
    printfb.o(i.__0vsnprintf$bare) refers to printfb.o(i._snputc) for _snputc
    printfb.o(i.__0vsprintf$bare) refers to printfb.o(i._printf_core) for _printf_core
    printfb.o(i.__0vsprintf$bare) refers to printfb.o(i._sputc) for _sputc
    printf0.o(i.__0fprintf$0) refers to printf0.o(i._printf_core) for _printf_core
    printf0.o(i.__0fprintf$0) refers to usart1.o(.text) for fputc
    printf0.o(i.__0printf$0) refers to printf0.o(i._printf_core) for _printf_core
    printf0.o(i.__0printf$0) refers to usart1.o(.text) for fputc
    printf0.o(i.__0printf$0) refers to stdout.o(.data) for __stdout
    printf0.o(i.__0snprintf$0) refers to printf0.o(i._printf_core) for _printf_core
    printf0.o(i.__0snprintf$0) refers to printf0.o(i._snputc) for _snputc
    printf0.o(i.__0sprintf$0) refers to printf0.o(i._printf_core) for _printf_core
    printf0.o(i.__0sprintf$0) refers to printf0.o(i._sputc) for _sputc
    printf0.o(i.__0vfprintf$0) refers to printf0.o(i._printf_core) for _printf_core
    printf0.o(i.__0vfprintf$0) refers to usart1.o(.text) for fputc
    printf0.o(i.__0vprintf$0) refers to printf0.o(i._printf_core) for _printf_core
    printf0.o(i.__0vprintf$0) refers to usart1.o(.text) for fputc
    printf0.o(i.__0vprintf$0) refers to stdout.o(.data) for __stdout
    printf0.o(i.__0vsnprintf$0) refers to printf0.o(i._printf_core) for _printf_core
    printf0.o(i.__0vsnprintf$0) refers to printf0.o(i._snputc) for _snputc
    printf0.o(i.__0vsprintf$0) refers to printf0.o(i._printf_core) for _printf_core
    printf0.o(i.__0vsprintf$0) refers to printf0.o(i._sputc) for _sputc
    printf1.o(i.__0fprintf$1) refers to printf1.o(i._printf_core) for _printf_core
    printf1.o(i.__0fprintf$1) refers to usart1.o(.text) for fputc
    printf1.o(i.__0printf$1) refers to printf1.o(i._printf_core) for _printf_core
    printf1.o(i.__0printf$1) refers to usart1.o(.text) for fputc
    printf1.o(i.__0printf$1) refers to stdout.o(.data) for __stdout
    printf1.o(i.__0snprintf$1) refers to printf1.o(i._printf_core) for _printf_core
    printf1.o(i.__0snprintf$1) refers to printf1.o(i._snputc) for _snputc
    printf1.o(i.__0sprintf$1) refers to printf1.o(i._printf_core) for _printf_core
    printf1.o(i.__0sprintf$1) refers to printf1.o(i._sputc) for _sputc
    printf1.o(i.__0vfprintf$1) refers to printf1.o(i._printf_core) for _printf_core
    printf1.o(i.__0vfprintf$1) refers to usart1.o(.text) for fputc
    printf1.o(i.__0vprintf$1) refers to printf1.o(i._printf_core) for _printf_core
    printf1.o(i.__0vprintf$1) refers to usart1.o(.text) for fputc
    printf1.o(i.__0vprintf$1) refers to stdout.o(.data) for __stdout
    printf1.o(i.__0vsnprintf$1) refers to printf1.o(i._printf_core) for _printf_core
    printf1.o(i.__0vsnprintf$1) refers to printf1.o(i._snputc) for _snputc
    printf1.o(i.__0vsprintf$1) refers to printf1.o(i._printf_core) for _printf_core
    printf1.o(i.__0vsprintf$1) refers to printf1.o(i._sputc) for _sputc
    printf1.o(i._printf_core) refers to uidiv.o(.text) for __aeabi_uidivmod
    printf2.o(i.__0fprintf$2) refers to printf2.o(i._printf_core) for _printf_core
    printf2.o(i.__0fprintf$2) refers to usart1.o(.text) for fputc
    printf2.o(i.__0printf$2) refers to printf2.o(i._printf_core) for _printf_core
    printf2.o(i.__0printf$2) refers to usart1.o(.text) for fputc
    printf2.o(i.__0printf$2) refers to stdout.o(.data) for __stdout
    printf2.o(i.__0snprintf$2) refers to printf2.o(i._printf_core) for _printf_core
    printf2.o(i.__0snprintf$2) refers to printf2.o(i._snputc) for _snputc
    printf2.o(i.__0sprintf$2) refers to printf2.o(i._printf_core) for _printf_core
    printf2.o(i.__0sprintf$2) refers to printf2.o(i._sputc) for _sputc
    printf2.o(i.__0vfprintf$2) refers to printf2.o(i._printf_core) for _printf_core
    printf2.o(i.__0vfprintf$2) refers to usart1.o(.text) for fputc
    printf2.o(i.__0vprintf$2) refers to printf2.o(i._printf_core) for _printf_core
    printf2.o(i.__0vprintf$2) refers to usart1.o(.text) for fputc
    printf2.o(i.__0vprintf$2) refers to stdout.o(.data) for __stdout
    printf2.o(i.__0vsnprintf$2) refers to printf2.o(i._printf_core) for _printf_core
    printf2.o(i.__0vsnprintf$2) refers to printf2.o(i._snputc) for _snputc
    printf2.o(i.__0vsprintf$2) refers to printf2.o(i._printf_core) for _printf_core
    printf2.o(i.__0vsprintf$2) refers to printf2.o(i._sputc) for _sputc
    printf3.o(i.__0fprintf$3) refers to printf3.o(i._printf_core) for _printf_core
    printf3.o(i.__0fprintf$3) refers to usart1.o(.text) for fputc
    printf3.o(i.__0printf$3) refers to printf3.o(i._printf_core) for _printf_core
    printf3.o(i.__0printf$3) refers to usart1.o(.text) for fputc
    printf3.o(i.__0printf$3) refers to stdout.o(.data) for __stdout
    printf3.o(i.__0snprintf$3) refers to printf3.o(i._printf_core) for _printf_core
    printf3.o(i.__0snprintf$3) refers to printf3.o(i._snputc) for _snputc
    printf3.o(i.__0sprintf$3) refers to printf3.o(i._printf_core) for _printf_core
    printf3.o(i.__0sprintf$3) refers to printf3.o(i._sputc) for _sputc
    printf3.o(i.__0vfprintf$3) refers to printf3.o(i._printf_core) for _printf_core
    printf3.o(i.__0vfprintf$3) refers to usart1.o(.text) for fputc
    printf3.o(i.__0vprintf$3) refers to printf3.o(i._printf_core) for _printf_core
    printf3.o(i.__0vprintf$3) refers to usart1.o(.text) for fputc
    printf3.o(i.__0vprintf$3) refers to stdout.o(.data) for __stdout
    printf3.o(i.__0vsnprintf$3) refers to printf3.o(i._printf_core) for _printf_core
    printf3.o(i.__0vsnprintf$3) refers to printf3.o(i._snputc) for _snputc
    printf3.o(i.__0vsprintf$3) refers to printf3.o(i._printf_core) for _printf_core
    printf3.o(i.__0vsprintf$3) refers to printf3.o(i._sputc) for _sputc
    printf3.o(i._printf_core) refers to uidiv.o(.text) for __aeabi_uidivmod
    printf4.o(i.__0fprintf$4) refers to printf4.o(i._printf_core) for _printf_core
    printf4.o(i.__0fprintf$4) refers to usart1.o(.text) for fputc
    printf4.o(i.__0printf$4) refers to printf4.o(i._printf_core) for _printf_core
    printf4.o(i.__0printf$4) refers to usart1.o(.text) for fputc
    printf4.o(i.__0printf$4) refers to stdout.o(.data) for __stdout
    printf4.o(i.__0snprintf$4) refers to printf4.o(i._printf_core) for _printf_core
    printf4.o(i.__0snprintf$4) refers to printf4.o(i._snputc) for _snputc
    printf4.o(i.__0sprintf$4) refers to printf4.o(i._printf_core) for _printf_core
    printf4.o(i.__0sprintf$4) refers to printf4.o(i._sputc) for _sputc
    printf4.o(i.__0vfprintf$4) refers to printf4.o(i._printf_core) for _printf_core
    printf4.o(i.__0vfprintf$4) refers to usart1.o(.text) for fputc
    printf4.o(i.__0vprintf$4) refers to printf4.o(i._printf_core) for _printf_core
    printf4.o(i.__0vprintf$4) refers to usart1.o(.text) for fputc
    printf4.o(i.__0vprintf$4) refers to stdout.o(.data) for __stdout
    printf4.o(i.__0vsnprintf$4) refers to printf4.o(i._printf_core) for _printf_core
    printf4.o(i.__0vsnprintf$4) refers to printf4.o(i._snputc) for _snputc
    printf4.o(i.__0vsprintf$4) refers to printf4.o(i._printf_core) for _printf_core
    printf4.o(i.__0vsprintf$4) refers to printf4.o(i._sputc) for _sputc
    printf4.o(i._printf_core) refers to uldiv.o(.text) for __aeabi_uldivmod
    printf5.o(i.__0fprintf$5) refers to printf5.o(i._printf_core) for _printf_core
    printf5.o(i.__0fprintf$5) refers to usart1.o(.text) for fputc
    printf5.o(i.__0printf$5) refers to printf5.o(i._printf_core) for _printf_core
    printf5.o(i.__0printf$5) refers to usart1.o(.text) for fputc
    printf5.o(i.__0printf$5) refers to stdout.o(.data) for __stdout
    printf5.o(i.__0snprintf$5) refers to printf5.o(i._printf_core) for _printf_core
    printf5.o(i.__0snprintf$5) refers to printf5.o(i._snputc) for _snputc
    printf5.o(i.__0sprintf$5) refers to printf5.o(i._printf_core) for _printf_core
    printf5.o(i.__0sprintf$5) refers to printf5.o(i._sputc) for _sputc
    printf5.o(i.__0vfprintf$5) refers to printf5.o(i._printf_core) for _printf_core
    printf5.o(i.__0vfprintf$5) refers to usart1.o(.text) for fputc
    printf5.o(i.__0vprintf$5) refers to printf5.o(i._printf_core) for _printf_core
    printf5.o(i.__0vprintf$5) refers to usart1.o(.text) for fputc
    printf5.o(i.__0vprintf$5) refers to stdout.o(.data) for __stdout
    printf5.o(i.__0vsnprintf$5) refers to printf5.o(i._printf_core) for _printf_core
    printf5.o(i.__0vsnprintf$5) refers to printf5.o(i._snputc) for _snputc
    printf5.o(i.__0vsprintf$5) refers to printf5.o(i._printf_core) for _printf_core
    printf5.o(i.__0vsprintf$5) refers to printf5.o(i._sputc) for _sputc
    printf5.o(i._printf_core) refers to uldiv.o(.text) for __aeabi_uldivmod
    printf6.o(i.__0fprintf$6) refers to printf6.o(i._printf_core) for _printf_core
    printf6.o(i.__0fprintf$6) refers to usart1.o(.text) for fputc
    printf6.o(i.__0printf$6) refers to printf6.o(i._printf_core) for _printf_core
    printf6.o(i.__0printf$6) refers to usart1.o(.text) for fputc
    printf6.o(i.__0printf$6) refers to stdout.o(.data) for __stdout
    printf6.o(i.__0snprintf$6) refers to printf6.o(i._printf_core) for _printf_core
    printf6.o(i.__0snprintf$6) refers to printf6.o(i._snputc) for _snputc
    printf6.o(i.__0sprintf$6) refers to printf6.o(i._printf_core) for _printf_core
    printf6.o(i.__0sprintf$6) refers to printf6.o(i._sputc) for _sputc
    printf6.o(i.__0vfprintf$6) refers to printf6.o(i._printf_core) for _printf_core
    printf6.o(i.__0vfprintf$6) refers to usart1.o(.text) for fputc
    printf6.o(i.__0vprintf$6) refers to printf6.o(i._printf_core) for _printf_core
    printf6.o(i.__0vprintf$6) refers to usart1.o(.text) for fputc
    printf6.o(i.__0vprintf$6) refers to stdout.o(.data) for __stdout
    printf6.o(i.__0vsnprintf$6) refers to printf6.o(i._printf_core) for _printf_core
    printf6.o(i.__0vsnprintf$6) refers to printf6.o(i._snputc) for _snputc
    printf6.o(i.__0vsprintf$6) refers to printf6.o(i._printf_core) for _printf_core
    printf6.o(i.__0vsprintf$6) refers to printf6.o(i._sputc) for _sputc
    printf6.o(i._printf_core) refers to printf6.o(i._printf_pre_padding) for _printf_pre_padding
    printf6.o(i._printf_core) refers to uidiv.o(.text) for __aeabi_uidivmod
    printf6.o(i._printf_core) refers to printf6.o(i._printf_post_padding) for _printf_post_padding
    printf7.o(i.__0fprintf$7) refers to printf7.o(i._printf_core) for _printf_core
    printf7.o(i.__0fprintf$7) refers to usart1.o(.text) for fputc
    printf7.o(i.__0printf$7) refers to printf7.o(i._printf_core) for _printf_core
    printf7.o(i.__0printf$7) refers to usart1.o(.text) for fputc
    printf7.o(i.__0printf$7) refers to stdout.o(.data) for __stdout
    printf7.o(i.__0snprintf$7) refers to printf7.o(i._printf_core) for _printf_core
    printf7.o(i.__0snprintf$7) refers to printf7.o(i._snputc) for _snputc
    printf7.o(i.__0sprintf$7) refers to printf7.o(i._printf_core) for _printf_core
    printf7.o(i.__0sprintf$7) refers to printf7.o(i._sputc) for _sputc
    printf7.o(i.__0vfprintf$7) refers to printf7.o(i._printf_core) for _printf_core
    printf7.o(i.__0vfprintf$7) refers to usart1.o(.text) for fputc
    printf7.o(i.__0vprintf$7) refers to printf7.o(i._printf_core) for _printf_core
    printf7.o(i.__0vprintf$7) refers to usart1.o(.text) for fputc
    printf7.o(i.__0vprintf$7) refers to stdout.o(.data) for __stdout
    printf7.o(i.__0vsnprintf$7) refers to printf7.o(i._printf_core) for _printf_core
    printf7.o(i.__0vsnprintf$7) refers to printf7.o(i._snputc) for _snputc
    printf7.o(i.__0vsprintf$7) refers to printf7.o(i._printf_core) for _printf_core
    printf7.o(i.__0vsprintf$7) refers to printf7.o(i._sputc) for _sputc
    printf7.o(i._printf_core) refers to printf7.o(i._printf_pre_padding) for _printf_pre_padding
    printf7.o(i._printf_core) refers to uldiv.o(.text) for __aeabi_uldivmod
    printf7.o(i._printf_core) refers to printf7.o(i._printf_post_padding) for _printf_post_padding
    printf8.o(i.__0fprintf$8) refers to printf8.o(i._printf_core) for _printf_core
    printf8.o(i.__0fprintf$8) refers to usart1.o(.text) for fputc
    printf8.o(i.__0printf$8) refers to printf8.o(i._printf_core) for _printf_core
    printf8.o(i.__0printf$8) refers to usart1.o(.text) for fputc
    printf8.o(i.__0printf$8) refers to stdout.o(.data) for __stdout
    printf8.o(i.__0snprintf$8) refers to printf8.o(i._printf_core) for _printf_core
    printf8.o(i.__0snprintf$8) refers to printf8.o(i._snputc) for _snputc
    printf8.o(i.__0sprintf$8) refers to printf8.o(i._printf_core) for _printf_core
    printf8.o(i.__0sprintf$8) refers to printf8.o(i._sputc) for _sputc
    printf8.o(i.__0vfprintf$8) refers to printf8.o(i._printf_core) for _printf_core
    printf8.o(i.__0vfprintf$8) refers to usart1.o(.text) for fputc
    printf8.o(i.__0vprintf$8) refers to printf8.o(i._printf_core) for _printf_core
    printf8.o(i.__0vprintf$8) refers to usart1.o(.text) for fputc
    printf8.o(i.__0vprintf$8) refers to stdout.o(.data) for __stdout
    printf8.o(i.__0vsnprintf$8) refers to printf8.o(i._printf_core) for _printf_core
    printf8.o(i.__0vsnprintf$8) refers to printf8.o(i._snputc) for _snputc
    printf8.o(i.__0vsprintf$8) refers to printf8.o(i._printf_core) for _printf_core
    printf8.o(i.__0vsprintf$8) refers to printf8.o(i._sputc) for _sputc
    printf8.o(i._printf_core) refers to printf8.o(i._printf_pre_padding) for _printf_pre_padding
    printf8.o(i._printf_core) refers to uldiv.o(.text) for __aeabi_uldivmod
    printf8.o(i._printf_core) refers to printf8.o(i._printf_post_padding) for _printf_post_padding
    printfa.o(i.__0fprintf) refers (Special) to iusefp.o(.text) for __I$use$fp
    printfa.o(i.__0fprintf) refers to printfa.o(i._printf_core) for _printf_core
    printfa.o(i.__0fprintf) refers to usart1.o(.text) for fputc
    printfa.o(i.__0printf) refers (Special) to iusefp.o(.text) for __I$use$fp
    printfa.o(i.__0printf) refers to printfa.o(i._printf_core) for _printf_core
    printfa.o(i.__0printf) refers to usart1.o(.text) for fputc
    printfa.o(i.__0printf) refers to stdout.o(.data) for __stdout
    printfa.o(i.__0snprintf) refers (Special) to iusefp.o(.text) for __I$use$fp
    printfa.o(i.__0snprintf) refers to printfa.o(i._printf_core) for _printf_core
    printfa.o(i.__0snprintf) refers to printfa.o(i._snputc) for _snputc
    printfa.o(i.__0sprintf) refers (Special) to iusefp.o(.text) for __I$use$fp
    printfa.o(i.__0sprintf) refers to printfa.o(i._printf_core) for _printf_core
    printfa.o(i.__0sprintf) refers to printfa.o(i._sputc) for _sputc
    printfa.o(i.__0vfprintf) refers (Special) to iusefp.o(.text) for __I$use$fp
    printfa.o(i.__0vfprintf) refers to printfa.o(i._printf_core) for _printf_core
    printfa.o(i.__0vfprintf) refers to usart1.o(.text) for fputc
    printfa.o(i.__0vprintf) refers (Special) to iusefp.o(.text) for __I$use$fp
    printfa.o(i.__0vprintf) refers to printfa.o(i._printf_core) for _printf_core
    printfa.o(i.__0vprintf) refers to usart1.o(.text) for fputc
    printfa.o(i.__0vprintf) refers to stdout.o(.data) for __stdout
    printfa.o(i.__0vsnprintf) refers (Special) to iusefp.o(.text) for __I$use$fp
    printfa.o(i.__0vsnprintf) refers to printfa.o(i._printf_core) for _printf_core
    printfa.o(i.__0vsnprintf) refers to printfa.o(i._snputc) for _snputc
    printfa.o(i.__0vsprintf) refers (Special) to iusefp.o(.text) for __I$use$fp
    printfa.o(i.__0vsprintf) refers to printfa.o(i._printf_core) for _printf_core
    printfa.o(i.__0vsprintf) refers to printfa.o(i._sputc) for _sputc
    printfa.o(i._fp_digits) refers (Special) to iusefp.o(.text) for __I$use$fp
    printfa.o(i._fp_digits) refers to dmul.o(.text) for __aeabi_dmul
    printfa.o(i._fp_digits) refers to ddiv.o(.text) for __aeabi_ddiv
    printfa.o(i._fp_digits) refers to cdrcmple.o(.text) for __aeabi_cdrcmple
    printfa.o(i._fp_digits) refers to dadd.o(.text) for __aeabi_dadd
    printfa.o(i._fp_digits) refers to dfixul.o(.text) for __aeabi_d2ulz
    printfa.o(i._fp_digits) refers to uldiv.o(.text) for __aeabi_uldivmod
    printfa.o(i._printf_core) refers (Special) to iusefp.o(.text) for __I$use$fp
    printfa.o(i._printf_core) refers to printfa.o(i._printf_pre_padding) for _printf_pre_padding
    printfa.o(i._printf_core) refers to uldiv.o(.text) for __aeabi_uldivmod
    printfa.o(i._printf_core) refers to printfa.o(i._printf_post_padding) for _printf_post_padding
    printfa.o(i._printf_core) refers to printfa.o(i._fp_digits) for _fp_digits
    printfa.o(i._printf_core) refers to uidiv.o(.text) for __aeabi_uidivmod
    printfa.o(i._printf_post_padding) refers (Special) to iusefp.o(.text) for __I$use$fp
    printfa.o(i._printf_pre_padding) refers (Special) to iusefp.o(.text) for __I$use$fp
    printfa.o(i._snputc) refers (Special) to iusefp.o(.text) for __I$use$fp
    printfa.o(i._sputc) refers (Special) to iusefp.o(.text) for __I$use$fp
    fadd.o(.text) refers (Special) to iusefp.o(.text) for __I$use$fp
    fadd.o(.text) refers to fepilogue.o(.text) for _float_epilogue
    fmul.o(.text) refers (Special) to iusefp.o(.text) for __I$use$fp
    fdiv.o(.text) refers (Special) to iusefp.o(.text) for __I$use$fp
    fdiv.o(.text) refers to fepilogue.o(.text) for _float_round
    fflti.o(.text) refers (Special) to iusefp.o(.text) for __I$use$fp
    fflti.o(.text) refers to fepilogue.o(.text) for _float_epilogue
    ffixi.o(.text) refers (Special) to iusefp.o(.text) for __I$use$fp
    entry2.o(.ARM.Collect$$$$00000001) refers to entry2.o(.ARM.Collect$$$$00002712) for __lit__00000000
    entry2.o(.ARM.Collect$$$$00002712) refers to startup_stm32f10x_hd.o(STACK) for __initial_sp
    entry2.o(__vectab_stack_and_reset_area) refers to startup_stm32f10x_hd.o(STACK) for __initial_sp
    entry2.o(__vectab_stack_and_reset_area) refers to entry.o(.ARM.Collect$$$$00000000) for __main
    entry5.o(.ARM.Collect$$$$00000004) refers to init.o(.text) for __scatterload
    entry9a.o(.ARM.Collect$$$$0000000B) refers to main.o(.text) for main
    entry9b.o(.ARM.Collect$$$$0000000C) refers to main.o(.text) for main
    uldiv.o(.text) refers to llushr.o(.text) for __aeabi_llsr
    uldiv.o(.text) refers to llshl.o(.text) for __aeabi_llsl
    dadd.o(.text) refers to llshl.o(.text) for __aeabi_llsl
    dadd.o(.text) refers to llsshr.o(.text) for __aeabi_lasr
    dadd.o(.text) refers to depilogue.o(.text) for _double_epilogue
    dmul.o(.text) refers to depilogue.o(.text) for _double_epilogue
    ddiv.o(.text) refers to depilogue.o(.text) for _double_round
    dfixul.o(.text) refers to llushr.o(.text) for __aeabi_llsr
    dfixul.o(.text) refers to llshl.o(.text) for __aeabi_llsl
    init.o(.text) refers to entry5.o(.ARM.Collect$$$$00000004) for __main_after_scatterload
    depilogue.o(.text) refers to llshl.o(.text) for __aeabi_llsl
    depilogue.o(.text) refers to llushr.o(.text) for __aeabi_llsr


==============================================================================

Removing Unused input sections from the image.

    Removing startup_stm32f10x_hd.o(HEAP), (512 bytes).
    Removing spi_nrf.o(.bss), (48 bytes).
    Removing core_cm3.o(.emb_text), (32 bytes).
    Removing dadd.o(.text), (334 bytes).
    Removing dmul.o(.text), (228 bytes).
    Removing ddiv.o(.text), (222 bytes).
    Removing dfixul.o(.text), (48 bytes).
    Removing cdrcmple.o(.text), (40 bytes).
    Removing depilogue.o(.text), (182 bytes).

9 unused section(s) (total 1646 bytes) removed from the image.

==============================================================================

Image Symbol Table

    Local Symbols

    Symbol Name                              Value     Ov Type        Size  Object(Section)

    ../clib/microlib/division.c              0x00000000   Number         0  uldiv.o ABSOLUTE
    ../clib/microlib/division.c              0x00000000   Number         0  uidiv.o ABSOLUTE
    ../clib/microlib/init/entry.s            0x00000000   Number         0  entry7a.o ABSOLUTE
    ../clib/microlib/init/entry.s            0x00000000   Number         0  entry9b.o ABSOLUTE
    ../clib/microlib/init/entry.s            0x00000000   Number         0  entry11a.o ABSOLUTE
    ../clib/microlib/init/entry.s            0x00000000   Number         0  entry7b.o ABSOLUTE
    ../clib/microlib/init/entry.s            0x00000000   Number         0  entry8a.o ABSOLUTE
    ../clib/microlib/init/entry.s            0x00000000   Number         0  entry8b.o ABSOLUTE
    ../clib/microlib/init/entry.s            0x00000000   Number         0  entry9a.o ABSOLUTE
    ../clib/microlib/init/entry.s            0x00000000   Number         0  entry2.o ABSOLUTE
    ../clib/microlib/init/entry.s            0x00000000   Number         0  entry.o ABSOLUTE
    ../clib/microlib/init/entry.s            0x00000000   Number         0  entry11b.o ABSOLUTE
    ../clib/microlib/init/entry.s            0x00000000   Number         0  entry10a.o ABSOLUTE
    ../clib/microlib/init/entry.s            0x00000000   Number         0  entry10b.o ABSOLUTE
    ../clib/microlib/init/entry.s            0x00000000   Number         0  entry5.o ABSOLUTE
    ../clib/microlib/longlong.c              0x00000000   Number         0  llsshr.o ABSOLUTE
    ../clib/microlib/longlong.c              0x00000000   Number         0  llushr.o ABSOLUTE
    ../clib/microlib/longlong.c              0x00000000   Number         0  llshl.o ABSOLUTE
    ../clib/microlib/printf/printf.c         0x00000000   Number         0  printf2.o ABSOLUTE
    ../clib/microlib/printf/printf.c         0x00000000   Number         0  printf1.o ABSOLUTE
    ../clib/microlib/printf/printf.c         0x00000000   Number         0  printf0.o ABSOLUTE
    ../clib/microlib/printf/printf.c         0x00000000   Number         0  printfb.o ABSOLUTE
    ../clib/microlib/printf/printf.c         0x00000000   Number         0  printf7.o ABSOLUTE
    ../clib/microlib/printf/printf.c         0x00000000   Number         0  printf5.o ABSOLUTE
    ../clib/microlib/printf/printf.c         0x00000000   Number         0  printf6.o ABSOLUTE
    ../clib/microlib/printf/printf.c         0x00000000   Number         0  printf8.o ABSOLUTE
    ../clib/microlib/printf/printf.c         0x00000000   Number         0  printfa.o ABSOLUTE
    ../clib/microlib/printf/printf.c         0x00000000   Number         0  printf4.o ABSOLUTE
    ../clib/microlib/printf/printf.c         0x00000000   Number         0  printf3.o ABSOLUTE
    ../clib/microlib/printf/stubs.s          0x00000000   Number         0  stubs.o ABSOLUTE
    ../clib/microlib/stdio/streams.c         0x00000000   Number         0  stdout.o ABSOLUTE
    ../clib/microlib/stubs.s                 0x00000000   Number         0  iusefp.o ABSOLUTE
    ../fplib/microlib/fpadd.c                0x00000000   Number         0  dadd.o ABSOLUTE
    ../fplib/microlib/fpadd.c                0x00000000   Number         0  fadd.o ABSOLUTE
    ../fplib/microlib/fpdiv.c                0x00000000   Number         0  ddiv.o ABSOLUTE
    ../fplib/microlib/fpdiv.c                0x00000000   Number         0  fdiv.o ABSOLUTE
    ../fplib/microlib/fpepilogue.c           0x00000000   Number         0  depilogue.o ABSOLUTE
    ../fplib/microlib/fpepilogue.c           0x00000000   Number         0  fepilogue.o ABSOLUTE
    ../fplib/microlib/fpfix.c                0x00000000   Number         0  dfixul.o ABSOLUTE
    ../fplib/microlib/fpfix.c                0x00000000   Number         0  ffixi.o ABSOLUTE
    ../fplib/microlib/fpflt.c                0x00000000   Number         0  fflti.o ABSOLUTE
    ../fplib/microlib/fpmul.c                0x00000000   Number         0  dmul.o ABSOLUTE
    ../fplib/microlib/fpmul.c                0x00000000   Number         0  fmul.o ABSOLUTE
    ..\CMSIS\core_cm3.c                      0x00000000   Number         0  core_cm3.o ABSOLUTE
    ..\CMSIS\startup\startup_stm32f10x_hd.s  0x00000000   Number         0  startup_stm32f10x_hd.o ABSOLUTE
    ..\CMSIS\system_stm32f10x.c              0x00000000   Number         0  system_stm32f10x.o ABSOLUTE
    ..\FWlib\src\stm32f10x_adc.c             0x00000000   Number         0  stm32f10x_adc.o ABSOLUTE
    ..\FWlib\src\stm32f10x_dma.c             0x00000000   Number         0  stm32f10x_dma.o ABSOLUTE
    ..\FWlib\src\stm32f10x_gpio.c            0x00000000   Number         0  stm32f10x_gpio.o ABSOLUTE
    ..\FWlib\src\stm32f10x_rcc.c             0x00000000   Number         0  stm32f10x_rcc.o ABSOLUTE
    ..\FWlib\src\stm32f10x_spi.c             0x00000000   Number         0  stm32f10x_spi.o ABSOLUTE
    ..\FWlib\src\stm32f10x_tim.c             0x00000000   Number         0  stm32f10x_tim.o ABSOLUTE
    ..\FWlib\src\stm32f10x_usart.c           0x00000000   Number         0  stm32f10x_usart.o ABSOLUTE
    ..\\CMSIS\\core_cm3.c                    0x00000000   Number         0  core_cm3.o ABSOLUTE
    CommandCalc.c                            0x00000000   Number         0  commandcalc.o ABSOLUTE
    SPI_NRF.c                                0x00000000   Number         0  spi_nrf.o ABSOLUTE
    Timer.c                                  0x00000000   Number         0  timer.o ABSOLUTE
    adc.c                                    0x00000000   Number         0  adc.o ABSOLUTE
    cdrcmple.s                               0x00000000   Number         0  cdrcmple.o ABSOLUTE
    dc.s                                     0x00000000   Number         0  dc.o ABSOLUTE
    filter.c                                 0x00000000   Number         0  filter.o ABSOLUTE
    handlers.s                               0x00000000   Number         0  handlers.o ABSOLUTE
    init.s                                   0x00000000   Number         0  init.o ABSOLUTE
    interrupt.c                              0x00000000   Number         0  interrupt.o ABSOLUTE
    main.c                                   0x00000000   Number         0  main.o ABSOLUTE
    misc.c                                   0x00000000   Number         0  misc.o ABSOLUTE
    myGPIO.c                                 0x00000000   Number         0  mygpio.o ABSOLUTE
    stm32f10x_it.c                           0x00000000   Number         0  stm32f10x_it.o ABSOLUTE
    usart1.c                                 0x00000000   Number         0  usart1.o ABSOLUTE
    RESET                                    0x08000000   Section      304  startup_stm32f10x_hd.o(RESET)
    .ARM.Collect$$$$00000000                 0x08000130   Section        0  entry.o(.ARM.Collect$$$$00000000)
    .ARM.Collect$$$$00000001                 0x08000130   Section        4  entry2.o(.ARM.Collect$$$$00000001)
    .ARM.Collect$$$$00000004                 0x08000134   Section        4  entry5.o(.ARM.Collect$$$$00000004)
    .ARM.Collect$$$$00000008                 0x08000138   Section        0  entry7b.o(.ARM.Collect$$$$00000008)
    .ARM.Collect$$$$0000000A                 0x08000138   Section        0  entry8b.o(.ARM.Collect$$$$0000000A)
    .ARM.Collect$$$$0000000B                 0x08000138   Section        8  entry9a.o(.ARM.Collect$$$$0000000B)
    .ARM.Collect$$$$0000000D                 0x08000140   Section        0  entry10a.o(.ARM.Collect$$$$0000000D)
    .ARM.Collect$$$$0000000F                 0x08000140   Section        0  entry11a.o(.ARM.Collect$$$$0000000F)
    .ARM.Collect$$$$00002712                 0x08000140   Section        4  entry2.o(.ARM.Collect$$$$00002712)
    __lit__00000000                          0x08000140   Data           4  entry2.o(.ARM.Collect$$$$00002712)
    .text                                    0x08000144   Section       36  startup_stm32f10x_hd.o(.text)
    .text                                    0x08000168   Section        0  main.o(.text)
    .text                                    0x080002c8   Section        0  stm32f10x_it.o(.text)
    .text                                    0x080002e4   Section        0  usart1.o(.text)
    itoa                                     0x08000377   Thumb Code    98  usart1.o(.text)
    .text                                    0x080004e8   Section        0  adc.o(.text)
    ADC1_GPIO_Config                         0x080004e9   Thumb Code    42  adc.o(.text)
    ADC1_Mode_Config                         0x08000513   Thumb Code   264  adc.o(.text)
    .text                                    0x08000638   Section        0  filter.o(.text)
    .text                                    0x08000688   Section        0  interrupt.o(.text)
    .text                                    0x080006d0   Section        0  timer.o(.text)
    .text                                    0x080007e0   Section        0  commandcalc.o(.text)
    .text                                    0x08000918   Section        0  mygpio.o(.text)
    .text                                    0x08000978   Section        0  spi_nrf.o(.text)
    .text                                    0x08000d20   Section        0  stm32f10x_rcc.o(.text)
    .text                                    0x080010c4   Section        0  stm32f10x_gpio.o(.text)
    .text                                    0x08001420   Section        0  stm32f10x_usart.o(.text)
    .text                                    0x08001828   Section        0  stm32f10x_adc.o(.text)
    .text                                    0x08001c78   Section        0  stm32f10x_dma.o(.text)
    .text                                    0x08001ecc   Section        0  stm32f10x_tim.o(.text)
    TI4_Config                               0x08002373   Thumb Code   130  stm32f10x_tim.o(.text)
    TI3_Config                               0x08002407   Thumb Code   122  stm32f10x_tim.o(.text)
    TI2_Config                               0x0800249b   Thumb Code   130  stm32f10x_tim.o(.text)
    TI1_Config                               0x0800252f   Thumb Code   108  stm32f10x_tim.o(.text)
    .text                                    0x08002ce8   Section        0  misc.o(.text)
    .text                                    0x08002dc4   Section        0  stm32f10x_spi.o(.text)
    .text                                    0x080030d0   Section        0  system_stm32f10x.o(.text)
    SetSysClockTo72                          0x080030d1   Thumb Code   214  system_stm32f10x.o(.text)
    SetSysClock                              0x080031a7   Thumb Code     8  system_stm32f10x.o(.text)
    .text                                    0x080032b0   Section        0  fadd.o(.text)
    .text                                    0x08003360   Section        0  fmul.o(.text)
    .text                                    0x080033c4   Section        0  fdiv.o(.text)
    .text                                    0x08003440   Section        0  fflti.o(.text)
    .text                                    0x08003452   Section        0  ffixi.o(.text)
    .text                                    0x08003484   Section        0  uidiv.o(.text)
    .text                                    0x080034b0   Section        0  fepilogue.o(.text)
    .text                                    0x080034b0   Section        0  iusefp.o(.text)
    .text                                    0x08003520   Section       36  init.o(.text)
    i.__0printf$6                            0x08003544   Section        0  printf6.o(i.__0printf$6)
    i.__0sprintf$6                           0x08003564   Section        0  printf6.o(i.__0sprintf$6)
    i.__scatterload_copy                     0x0800358c   Section       14  handlers.o(i.__scatterload_copy)
    i.__scatterload_null                     0x0800359a   Section        2  handlers.o(i.__scatterload_null)
    i.__scatterload_zeroinit                 0x0800359c   Section       14  handlers.o(i.__scatterload_zeroinit)
    i._printf_core                           0x080035ac   Section        0  printf6.o(i._printf_core)
    _printf_core                             0x080035ad   Thumb Code   748  printf6.o(i._printf_core)
    i._printf_post_padding                   0x0800389c   Section        0  printf6.o(i._printf_post_padding)
    _printf_post_padding                     0x0800389d   Thumb Code    36  printf6.o(i._printf_post_padding)
    i._printf_pre_padding                    0x080038c0   Section        0  printf6.o(i._printf_pre_padding)
    _printf_pre_padding                      0x080038c1   Thumb Code    46  printf6.o(i._printf_pre_padding)
    i._sputc                                 0x080038ee   Section        0  printf6.o(i._sputc)
    _sputc                                   0x080038ef   Thumb Code    10  printf6.o(i._sputc)
    .data                                    0x20000000   Section       13  main.o(.data)
    .data                                    0x2000000d   Section        1  filter.o(.data)
    .data                                    0x2000000e   Section        1  interrupt.o(.data)
    .data                                    0x2000000f   Section       10  spi_nrf.o(.data)
    .data                                    0x20000019   Section       20  stm32f10x_rcc.o(.data)
    APBAHBPrescTable                         0x20000019   Data          16  stm32f10x_rcc.o(.data)
    ADCPrescTable                            0x20000029   Data           4  stm32f10x_rcc.o(.data)
    .data                                    0x20000030   Section       20  system_stm32f10x.o(.data)
    .data                                    0x20000044   Section        4  stdout.o(.data)
    .bss                                     0x20000048   Section      192  adc.o(.bss)
    .bss                                     0x20000108   Section       12  filter.o(.bss)
    .bss                                     0x20000114   Section       24  commandcalc.o(.bss)
    STACK                                    0x20000130   Section     1024  startup_stm32f10x_hd.o(STACK)

    Global Symbols

    Symbol Name                              Value     Ov Type        Size  Object(Section)

    BuildAttributes$$THM_ISAv4$P$D$K$B$S$PE$A:L22UL41UL21$X:L11$S22US41US21$IEEE1$IW$USESV6$~STKCKD$USESV7$~SHL$OTIME$ROPI$EBA8$MICROLIB$REQ8$PRES8$EABIv2 0x00000000   Number         0  anon$$obj.o ABSOLUTE
    __ARM_use_no_argv                        0x00000000   Number         0  main.o ABSOLUTE
    _printf_a                                0x00000000   Number         0  stubs.o ABSOLUTE
    _printf_c                                0x00000000   Number         0  stubs.o ABSOLUTE
    _printf_charcount                        0x00000000   Number         0  stubs.o ABSOLUTE
    _printf_d                                0x00000000   Number         0  stubs.o ABSOLUTE
    _printf_e                                0x00000000   Number         0  stubs.o ABSOLUTE
    _printf_f                                0x00000000   Number         0  stubs.o ABSOLUTE
    _printf_flags                            0x00000000   Number         0  stubs.o ABSOLUTE
    _printf_fp_dec                           0x00000000   Number         0  stubs.o ABSOLUTE
    _printf_fp_hex                           0x00000000   Number         0  stubs.o ABSOLUTE
    _printf_g                                0x00000000   Number         0  stubs.o ABSOLUTE
    _printf_i                                0x00000000   Number         0  stubs.o ABSOLUTE
    _printf_int_dec                          0x00000000   Number         0  stubs.o ABSOLUTE
    _printf_l                                0x00000000   Number         0  stubs.o ABSOLUTE
    _printf_lc                               0x00000000   Number         0  stubs.o ABSOLUTE
    _printf_ll                               0x00000000   Number         0  stubs.o ABSOLUTE
    _printf_lld                              0x00000000   Number         0  stubs.o ABSOLUTE
    _printf_lli                              0x00000000   Number         0  stubs.o ABSOLUTE
    _printf_llo                              0x00000000   Number         0  stubs.o ABSOLUTE
    _printf_llu                              0x00000000   Number         0  stubs.o ABSOLUTE
    _printf_llx                              0x00000000   Number         0  stubs.o ABSOLUTE
    _printf_longlong_dec                     0x00000000   Number         0  stubs.o ABSOLUTE
    _printf_longlong_hex                     0x00000000   Number         0  stubs.o ABSOLUTE
    _printf_longlong_oct                     0x00000000   Number         0  stubs.o ABSOLUTE
    _printf_ls                               0x00000000   Number         0  stubs.o ABSOLUTE
    _printf_mbtowc                           0x00000000   Number         0  stubs.o ABSOLUTE
    _printf_n                                0x00000000   Number         0  stubs.o ABSOLUTE
    _printf_o                                0x00000000   Number         0  stubs.o ABSOLUTE
    _printf_p                                0x00000000   Number         0  stubs.o ABSOLUTE
    _printf_percent                          0x00000000   Number         0  stubs.o ABSOLUTE
    _printf_pre_padding                      0x00000000   Number         0  stubs.o ABSOLUTE
    _printf_return_value                     0x00000000   Number         0  stubs.o ABSOLUTE
    _printf_s                                0x00000000   Number         0  stubs.o ABSOLUTE
    _printf_sizespec                         0x00000000   Number         0  stubs.o ABSOLUTE
    _printf_str                              0x00000000   Number         0  stubs.o ABSOLUTE
    _printf_truncate_signed                  0x00000000   Number         0  stubs.o ABSOLUTE
    _printf_truncate_unsigned                0x00000000   Number         0  stubs.o ABSOLUTE
    _printf_u                                0x00000000   Number         0  stubs.o ABSOLUTE
    _printf_wc                               0x00000000   Number         0  stubs.o ABSOLUTE
    _printf_wctomb                           0x00000000   Number         0  stubs.o ABSOLUTE
    _printf_widthprec                        0x00000000   Number         0  stubs.o ABSOLUTE
    _printf_x                                0x00000000   Number         0  stubs.o ABSOLUTE
    __cpp_initialize__aeabi_                  - Undefined Weak Reference
    __cxa_finalize                            - Undefined Weak Reference
    __decompress                              - Undefined Weak Reference
    _clock_init                               - Undefined Weak Reference
    _microlib_exit                            - Undefined Weak Reference
    __Vectors_Size                           0x00000130   Number         0  startup_stm32f10x_hd.o ABSOLUTE
    __Vectors                                0x08000000   Data           4  startup_stm32f10x_hd.o(RESET)
    __Vectors_End                            0x08000130   Data           0  startup_stm32f10x_hd.o(RESET)
    __main                                   0x08000131   Thumb Code     0  entry.o(.ARM.Collect$$$$00000000)
    _main_stk                                0x08000131   Thumb Code     0  entry2.o(.ARM.Collect$$$$00000001)
    _main_scatterload                        0x08000135   Thumb Code     0  entry5.o(.ARM.Collect$$$$00000004)
    __main_after_scatterload                 0x08000139   Thumb Code     0  entry5.o(.ARM.Collect$$$$00000004)
    _main_clock                              0x08000139   Thumb Code     0  entry7b.o(.ARM.Collect$$$$00000008)
    _main_cpp_init                           0x08000139   Thumb Code     0  entry8b.o(.ARM.Collect$$$$0000000A)
    _main_init                               0x08000139   Thumb Code     0  entry9a.o(.ARM.Collect$$$$0000000B)
    __rt_final_cpp                           0x08000141   Thumb Code     0  entry10a.o(.ARM.Collect$$$$0000000D)
    __rt_final_exit                          0x08000141   Thumb Code     0  entry11a.o(.ARM.Collect$$$$0000000F)
    Reset_Handler                            0x08000145   Thumb Code     8  startup_stm32f10x_hd.o(.text)
    ADC1_2_IRQHandler                        0x0800015f   Thumb Code     0  startup_stm32f10x_hd.o(.text)
    ADC3_IRQHandler                          0x0800015f   Thumb Code     0  startup_stm32f10x_hd.o(.text)
    CAN1_RX1_IRQHandler                      0x0800015f   Thumb Code     0  startup_stm32f10x_hd.o(.text)
    CAN1_SCE_IRQHandler                      0x0800015f   Thumb Code     0  startup_stm32f10x_hd.o(.text)
    DMA1_Channel2_IRQHandler                 0x0800015f   Thumb Code     0  startup_stm32f10x_hd.o(.text)
    DMA1_Channel3_IRQHandler                 0x0800015f   Thumb Code     0  startup_stm32f10x_hd.o(.text)
    DMA1_Channel4_IRQHandler                 0x0800015f   Thumb Code     0  startup_stm32f10x_hd.o(.text)
    DMA1_Channel5_IRQHandler                 0x0800015f   Thumb Code     0  startup_stm32f10x_hd.o(.text)
    DMA1_Channel6_IRQHandler                 0x0800015f   Thumb Code     0  startup_stm32f10x_hd.o(.text)
    DMA1_Channel7_IRQHandler                 0x0800015f   Thumb Code     0  startup_stm32f10x_hd.o(.text)
    DMA2_Channel1_IRQHandler                 0x0800015f   Thumb Code     0  startup_stm32f10x_hd.o(.text)
    DMA2_Channel2_IRQHandler                 0x0800015f   Thumb Code     0  startup_stm32f10x_hd.o(.text)
    DMA2_Channel3_IRQHandler                 0x0800015f   Thumb Code     0  startup_stm32f10x_hd.o(.text)
    DMA2_Channel4_5_IRQHandler               0x0800015f   Thumb Code     0  startup_stm32f10x_hd.o(.text)
    EXTI0_IRQHandler                         0x0800015f   Thumb Code     0  startup_stm32f10x_hd.o(.text)
    EXTI15_10_IRQHandler                     0x0800015f   Thumb Code     0  startup_stm32f10x_hd.o(.text)
    EXTI1_IRQHandler                         0x0800015f   Thumb Code     0  startup_stm32f10x_hd.o(.text)
    EXTI2_IRQHandler                         0x0800015f   Thumb Code     0  startup_stm32f10x_hd.o(.text)
    EXTI3_IRQHandler                         0x0800015f   Thumb Code     0  startup_stm32f10x_hd.o(.text)
    EXTI4_IRQHandler                         0x0800015f   Thumb Code     0  startup_stm32f10x_hd.o(.text)
    EXTI9_5_IRQHandler                       0x0800015f   Thumb Code     0  startup_stm32f10x_hd.o(.text)
    FLASH_IRQHandler                         0x0800015f   Thumb Code     0  startup_stm32f10x_hd.o(.text)
    FSMC_IRQHandler                          0x0800015f   Thumb Code     0  startup_stm32f10x_hd.o(.text)
    I2C1_ER_IRQHandler                       0x0800015f   Thumb Code     0  startup_stm32f10x_hd.o(.text)
    I2C1_EV_IRQHandler                       0x0800015f   Thumb Code     0  startup_stm32f10x_hd.o(.text)
    I2C2_ER_IRQHandler                       0x0800015f   Thumb Code     0  startup_stm32f10x_hd.o(.text)
    I2C2_EV_IRQHandler                       0x0800015f   Thumb Code     0  startup_stm32f10x_hd.o(.text)
    PVD_IRQHandler                           0x0800015f   Thumb Code     0  startup_stm32f10x_hd.o(.text)
    RCC_IRQHandler                           0x0800015f   Thumb Code     0  startup_stm32f10x_hd.o(.text)
    RTCAlarm_IRQHandler                      0x0800015f   Thumb Code     0  startup_stm32f10x_hd.o(.text)
    RTC_IRQHandler                           0x0800015f   Thumb Code     0  startup_stm32f10x_hd.o(.text)
    SDIO_IRQHandler                          0x0800015f   Thumb Code     0  startup_stm32f10x_hd.o(.text)
    SPI1_IRQHandler                          0x0800015f   Thumb Code     0  startup_stm32f10x_hd.o(.text)
    SPI2_IRQHandler                          0x0800015f   Thumb Code     0  startup_stm32f10x_hd.o(.text)
    SPI3_IRQHandler                          0x0800015f   Thumb Code     0  startup_stm32f10x_hd.o(.text)
    TAMPER_IRQHandler                        0x0800015f   Thumb Code     0  startup_stm32f10x_hd.o(.text)
    TIM1_BRK_IRQHandler                      0x0800015f   Thumb Code     0  startup_stm32f10x_hd.o(.text)
    TIM1_CC_IRQHandler                       0x0800015f   Thumb Code     0  startup_stm32f10x_hd.o(.text)
    TIM1_TRG_COM_IRQHandler                  0x0800015f   Thumb Code     0  startup_stm32f10x_hd.o(.text)
    TIM2_IRQHandler                          0x0800015f   Thumb Code     0  startup_stm32f10x_hd.o(.text)
    TIM3_IRQHandler                          0x0800015f   Thumb Code     0  startup_stm32f10x_hd.o(.text)
    TIM4_IRQHandler                          0x0800015f   Thumb Code     0  startup_stm32f10x_hd.o(.text)
    TIM5_IRQHandler                          0x0800015f   Thumb Code     0  startup_stm32f10x_hd.o(.text)
    TIM6_IRQHandler                          0x0800015f   Thumb Code     0  startup_stm32f10x_hd.o(.text)
    TIM7_IRQHandler                          0x0800015f   Thumb Code     0  startup_stm32f10x_hd.o(.text)
    TIM8_BRK_IRQHandler                      0x0800015f   Thumb Code     0  startup_stm32f10x_hd.o(.text)
    TIM8_CC_IRQHandler                       0x0800015f   Thumb Code     0  startup_stm32f10x_hd.o(.text)
    TIM8_TRG_COM_IRQHandler                  0x0800015f   Thumb Code     0  startup_stm32f10x_hd.o(.text)
    TIM8_UP_IRQHandler                       0x0800015f   Thumb Code     0  startup_stm32f10x_hd.o(.text)
    UART4_IRQHandler                         0x0800015f   Thumb Code     0  startup_stm32f10x_hd.o(.text)
    UART5_IRQHandler                         0x0800015f   Thumb Code     0  startup_stm32f10x_hd.o(.text)
    USART1_IRQHandler                        0x0800015f   Thumb Code     0  startup_stm32f10x_hd.o(.text)
    USART2_IRQHandler                        0x0800015f   Thumb Code     0  startup_stm32f10x_hd.o(.text)
    USART3_IRQHandler                        0x0800015f   Thumb Code     0  startup_stm32f10x_hd.o(.text)
    USBWakeUp_IRQHandler                     0x0800015f   Thumb Code     0  startup_stm32f10x_hd.o(.text)
    USB_HP_CAN1_TX_IRQHandler                0x0800015f   Thumb Code     0  startup_stm32f10x_hd.o(.text)
    USB_LP_CAN1_RX0_IRQHandler               0x0800015f   Thumb Code     0  startup_stm32f10x_hd.o(.text)
    WWDG_IRQHandler                          0x0800015f   Thumb Code     0  startup_stm32f10x_hd.o(.text)
    main                                     0x08000169   Thumb Code   270  main.o(.text)
    NMI_Handler                              0x080002c9   Thumb Code     2  stm32f10x_it.o(.text)
    HardFault_Handler                        0x080002cb   Thumb Code     4  stm32f10x_it.o(.text)
    MemManage_Handler                        0x080002cf   Thumb Code     4  stm32f10x_it.o(.text)
    BusFault_Handler                         0x080002d3   Thumb Code     4  stm32f10x_it.o(.text)
    UsageFault_Handler                       0x080002d7   Thumb Code     4  stm32f10x_it.o(.text)
    SVC_Handler                              0x080002db   Thumb Code     2  stm32f10x_it.o(.text)
    DebugMon_Handler                         0x080002dd   Thumb Code     2  stm32f10x_it.o(.text)
    PendSV_Handler                           0x080002df   Thumb Code     2  stm32f10x_it.o(.text)
    SysTick_Handler                          0x080002e1   Thumb Code     2  stm32f10x_it.o(.text)
    USART1_Config                            0x080002e5   Thumb Code   114  usart1.o(.text)
    fputc                                    0x08000357   Thumb Code    32  usart1.o(.text)
    USART1_printf                            0x080003d9   Thumb Code   262  usart1.o(.text)
    ADC1_Init                                0x0800061b   Thumb Code    12  adc.o(.text)
    filter                                   0x08000639   Thumb Code    68  filter.o(.text)
    DMA1_Channel1_IRQHandler                 0x08000689   Thumb Code    30  interrupt.o(.text)
    TIM1_UP_IRQHandler                       0x080006a7   Thumb Code    28  interrupt.o(.text)
    TIM1_Config                              0x080006d1   Thumb Code    98  timer.o(.text)
    TIM3_Config                              0x08000733   Thumb Code   166  timer.o(.text)
    myABS                                    0x080007e1   Thumb Code     8  commandcalc.o(.text)
    CommandCalc                              0x080007e9   Thumb Code   254  commandcalc.o(.text)
    GPIO_Config                              0x08000919   Thumb Code    86  mygpio.o(.text)
    Delay                                    0x08000979   Thumb Code    18  spi_nrf.o(.text)
    SPI_NRF_Init                             0x0800098b   Thumb Code   182  spi_nrf.o(.text)
    SPI_NRF_RW                               0x08000a41   Thumb Code    50  spi_nrf.o(.text)
    SPI_NRF_WriteReg                         0x08000a73   Thumb Code    48  spi_nrf.o(.text)
    SPI_NRF_ReadReg                          0x08000aa3   Thumb Code    46  spi_nrf.o(.text)
    SPI_NRF_ReadBuf                          0x08000ad1   Thumb Code    68  spi_nrf.o(.text)
    SPI_NRF_WriteBuf                         0x08000b15   Thumb Code    68  spi_nrf.o(.text)
    NRF_RX_Mode                              0x08000b59   Thumb Code    78  spi_nrf.o(.text)
    NRF_TX_Mode                              0x08000ba7   Thumb Code    96  spi_nrf.o(.text)
    NRF_Check                                0x08000c07   Thumb Code    68  spi_nrf.o(.text)
    NRF_Tx_Dat                               0x08000c4b   Thumb Code    92  spi_nrf.o(.text)
    NRF_Rx_Dat                               0x08000ca7   Thumb Code    88  spi_nrf.o(.text)
    RCC_DeInit                               0x08000d21   Thumb Code    64  stm32f10x_rcc.o(.text)
    RCC_HSEConfig                            0x08000d61   Thumb Code    70  stm32f10x_rcc.o(.text)
    RCC_GetFlagStatus                        0x08000da7   Thumb Code    56  stm32f10x_rcc.o(.text)
    RCC_WaitForHSEStartUp                    0x08000ddf   Thumb Code    56  stm32f10x_rcc.o(.text)
    RCC_AdjustHSICalibrationValue            0x08000e17   Thumb Code    20  stm32f10x_rcc.o(.text)
    RCC_HSICmd                               0x08000e2b   Thumb Code     6  stm32f10x_rcc.o(.text)
    RCC_PLLConfig                            0x08000e31   Thumb Code    24  stm32f10x_rcc.o(.text)
    RCC_PLLCmd                               0x08000e49   Thumb Code     6  stm32f10x_rcc.o(.text)
    RCC_SYSCLKConfig                         0x08000e4f   Thumb Code    18  stm32f10x_rcc.o(.text)
    RCC_GetSYSCLKSource                      0x08000e61   Thumb Code    10  stm32f10x_rcc.o(.text)
    RCC_HCLKConfig                           0x08000e6b   Thumb Code    18  stm32f10x_rcc.o(.text)
    RCC_PCLK1Config                          0x08000e7d   Thumb Code    18  stm32f10x_rcc.o(.text)
    RCC_PCLK2Config                          0x08000e8f   Thumb Code    20  stm32f10x_rcc.o(.text)
    RCC_ITConfig                             0x08000ea3   Thumb Code    26  stm32f10x_rcc.o(.text)
    RCC_USBCLKConfig                         0x08000ebd   Thumb Code     8  stm32f10x_rcc.o(.text)
    RCC_ADCCLKConfig                         0x08000ec5   Thumb Code    18  stm32f10x_rcc.o(.text)
    RCC_LSEConfig                            0x08000ed7   Thumb Code    50  stm32f10x_rcc.o(.text)
    RCC_LSICmd                               0x08000f09   Thumb Code     6  stm32f10x_rcc.o(.text)
    RCC_RTCCLKConfig                         0x08000f0f   Thumb Code    12  stm32f10x_rcc.o(.text)
    RCC_RTCCLKCmd                            0x08000f1b   Thumb Code     8  stm32f10x_rcc.o(.text)
    RCC_GetClocksFreq                        0x08000f23   Thumb Code   192  stm32f10x_rcc.o(.text)
    RCC_AHBPeriphClockCmd                    0x08000fe3   Thumb Code    26  stm32f10x_rcc.o(.text)
    RCC_APB2PeriphClockCmd                   0x08000ffd   Thumb Code    26  stm32f10x_rcc.o(.text)
    RCC_APB1PeriphClockCmd                   0x08001017   Thumb Code    26  stm32f10x_rcc.o(.text)
    RCC_APB2PeriphResetCmd                   0x08001031   Thumb Code    26  stm32f10x_rcc.o(.text)
    RCC_APB1PeriphResetCmd                   0x0800104b   Thumb Code    26  stm32f10x_rcc.o(.text)
    RCC_BackupResetCmd                       0x08001065   Thumb Code     8  stm32f10x_rcc.o(.text)
    RCC_ClockSecuritySystemCmd               0x0800106d   Thumb Code     6  stm32f10x_rcc.o(.text)
    RCC_MCOConfig                            0x08001073   Thumb Code     6  stm32f10x_rcc.o(.text)
    RCC_ClearFlag                            0x08001079   Thumb Code    14  stm32f10x_rcc.o(.text)
    RCC_GetITStatus                          0x08001087   Thumb Code    20  stm32f10x_rcc.o(.text)
    RCC_ClearITPendingBit                    0x0800109b   Thumb Code     6  stm32f10x_rcc.o(.text)
    GPIO_DeInit                              0x080010c5   Thumb Code   172  stm32f10x_gpio.o(.text)
    GPIO_AFIODeInit                          0x08001171   Thumb Code    20  stm32f10x_gpio.o(.text)
    GPIO_Init                                0x08001185   Thumb Code   278  stm32f10x_gpio.o(.text)
    GPIO_StructInit                          0x0800129b   Thumb Code    16  stm32f10x_gpio.o(.text)
    GPIO_ReadInputDataBit                    0x080012ab   Thumb Code    18  stm32f10x_gpio.o(.text)
    GPIO_ReadInputData                       0x080012bd   Thumb Code     8  stm32f10x_gpio.o(.text)
    GPIO_ReadOutputDataBit                   0x080012c5   Thumb Code    18  stm32f10x_gpio.o(.text)
    GPIO_ReadOutputData                      0x080012d7   Thumb Code     8  stm32f10x_gpio.o(.text)
    GPIO_SetBits                             0x080012df   Thumb Code     4  stm32f10x_gpio.o(.text)
    GPIO_ResetBits                           0x080012e3   Thumb Code     4  stm32f10x_gpio.o(.text)
    GPIO_WriteBit                            0x080012e7   Thumb Code    10  stm32f10x_gpio.o(.text)
    GPIO_Write                               0x080012f1   Thumb Code     4  stm32f10x_gpio.o(.text)
    GPIO_PinLockConfig                       0x080012f5   Thumb Code    18  stm32f10x_gpio.o(.text)
    GPIO_EventOutputConfig                   0x08001307   Thumb Code    26  stm32f10x_gpio.o(.text)
    GPIO_EventOutputCmd                      0x08001321   Thumb Code     6  stm32f10x_gpio.o(.text)
    GPIO_PinRemapConfig                      0x08001327   Thumb Code   138  stm32f10x_gpio.o(.text)
    GPIO_EXTILineConfig                      0x080013b1   Thumb Code    66  stm32f10x_gpio.o(.text)
    GPIO_ETH_MediaInterfaceConfig            0x080013f3   Thumb Code     8  stm32f10x_gpio.o(.text)
    USART_DeInit                             0x08001421   Thumb Code   134  stm32f10x_usart.o(.text)
    USART_Init                               0x080014a7   Thumb Code   210  stm32f10x_usart.o(.text)
    USART_StructInit                         0x08001579   Thumb Code    24  stm32f10x_usart.o(.text)
    USART_ClockInit                          0x08001591   Thumb Code    34  stm32f10x_usart.o(.text)
    USART_ClockStructInit                    0x080015b3   Thumb Code    12  stm32f10x_usart.o(.text)
    USART_Cmd                                0x080015bf   Thumb Code    24  stm32f10x_usart.o(.text)
    USART_ITConfig                           0x080015d7   Thumb Code    74  stm32f10x_usart.o(.text)
    USART_DMACmd                             0x08001621   Thumb Code    18  stm32f10x_usart.o(.text)
    USART_SetAddress                         0x08001633   Thumb Code    18  stm32f10x_usart.o(.text)
    USART_WakeUpConfig                       0x08001645   Thumb Code    18  stm32f10x_usart.o(.text)
    USART_ReceiverWakeUpCmd                  0x08001657   Thumb Code    24  stm32f10x_usart.o(.text)
    USART_LINBreakDetectLengthConfig         0x0800166f   Thumb Code    18  stm32f10x_usart.o(.text)
    USART_LINCmd                             0x08001681   Thumb Code    24  stm32f10x_usart.o(.text)
    USART_SendData                           0x08001699   Thumb Code     8  stm32f10x_usart.o(.text)
    USART_ReceiveData                        0x080016a1   Thumb Code    10  stm32f10x_usart.o(.text)
    USART_SendBreak                          0x080016ab   Thumb Code    10  stm32f10x_usart.o(.text)
    USART_SetGuardTime                       0x080016b5   Thumb Code    16  stm32f10x_usart.o(.text)
    USART_SetPrescaler                       0x080016c5   Thumb Code    16  stm32f10x_usart.o(.text)
    USART_SmartCardCmd                       0x080016d5   Thumb Code    24  stm32f10x_usart.o(.text)
    USART_SmartCardNACKCmd                   0x080016ed   Thumb Code    24  stm32f10x_usart.o(.text)
    USART_HalfDuplexCmd                      0x08001705   Thumb Code    24  stm32f10x_usart.o(.text)
    USART_OverSampling8Cmd                   0x0800171d   Thumb Code    22  stm32f10x_usart.o(.text)
    USART_OneBitMethodCmd                    0x08001733   Thumb Code    24  stm32f10x_usart.o(.text)
    USART_IrDAConfig                         0x0800174b   Thumb Code    18  stm32f10x_usart.o(.text)
    USART_IrDACmd                            0x0800175d   Thumb Code    24  stm32f10x_usart.o(.text)
    USART_GetFlagStatus                      0x08001775   Thumb Code    26  stm32f10x_usart.o(.text)
    USART_ClearFlag                          0x0800178f   Thumb Code    18  stm32f10x_usart.o(.text)
    USART_GetITStatus                        0x080017a1   Thumb Code    84  stm32f10x_usart.o(.text)
    USART_ClearITPendingBit                  0x080017f5   Thumb Code    52  stm32f10x_usart.o(.text)
    ADC_DeInit                               0x08001829   Thumb Code    78  stm32f10x_adc.o(.text)
    ADC_Init                                 0x08001877   Thumb Code    70  stm32f10x_adc.o(.text)
    ADC_StructInit                           0x080018bd   Thumb Code    18  stm32f10x_adc.o(.text)
    ADC_Cmd                                  0x080018cf   Thumb Code    22  stm32f10x_adc.o(.text)
    ADC_DMACmd                               0x080018e5   Thumb Code    22  stm32f10x_adc.o(.text)
    ADC_ITConfig                             0x080018fb   Thumb Code    24  stm32f10x_adc.o(.text)
    ADC_ResetCalibration                     0x08001913   Thumb Code    10  stm32f10x_adc.o(.text)
    ADC_GetResetCalibrationStatus            0x0800191d   Thumb Code    20  stm32f10x_adc.o(.text)
    ADC_StartCalibration                     0x08001931   Thumb Code    10  stm32f10x_adc.o(.text)
    ADC_GetCalibrationStatus                 0x0800193b   Thumb Code    20  stm32f10x_adc.o(.text)
    ADC_SoftwareStartConvCmd                 0x0800194f   Thumb Code    22  stm32f10x_adc.o(.text)
    ADC_GetSoftwareStartConvStatus           0x08001965   Thumb Code    20  stm32f10x_adc.o(.text)
    ADC_DiscModeChannelCountConfig           0x08001979   Thumb Code    24  stm32f10x_adc.o(.text)
    ADC_DiscModeCmd                          0x08001991   Thumb Code    22  stm32f10x_adc.o(.text)
    ADC_RegularChannelConfig                 0x080019a7   Thumb Code   184  stm32f10x_adc.o(.text)
    ADC_ExternalTrigConvCmd                  0x08001a5f   Thumb Code    22  stm32f10x_adc.o(.text)
    ADC_GetConversionValue                   0x08001a75   Thumb Code     8  stm32f10x_adc.o(.text)
    ADC_GetDualModeConversionValue           0x08001a7d   Thumb Code     8  stm32f10x_adc.o(.text)
    ADC_AutoInjectedConvCmd                  0x08001a85   Thumb Code    22  stm32f10x_adc.o(.text)
    ADC_InjectedDiscModeCmd                  0x08001a9b   Thumb Code    22  stm32f10x_adc.o(.text)
    ADC_ExternalTrigInjectedConvConfig       0x08001ab1   Thumb Code    16  stm32f10x_adc.o(.text)
    ADC_ExternalTrigInjectedConvCmd          0x08001ac1   Thumb Code    22  stm32f10x_adc.o(.text)
    ADC_SoftwareStartInjectedConvCmd         0x08001ad7   Thumb Code    22  stm32f10x_adc.o(.text)
    ADC_GetSoftwareStartInjectedConvCmdStatus 0x08001aed   Thumb Code    20  stm32f10x_adc.o(.text)
    ADC_InjectedChannelConfig                0x08001b01   Thumb Code   130  stm32f10x_adc.o(.text)
    ADC_InjectedSequencerLengthConfig        0x08001b83   Thumb Code    24  stm32f10x_adc.o(.text)
    ADC_SetInjectedOffset                    0x08001b9b   Thumb Code    20  stm32f10x_adc.o(.text)
    ADC_GetInjectedConversionValue           0x08001baf   Thumb Code    28  stm32f10x_adc.o(.text)
    ADC_AnalogWatchdogCmd                    0x08001bcb   Thumb Code    16  stm32f10x_adc.o(.text)
    ADC_AnalogWatchdogThresholdsConfig       0x08001bdb   Thumb Code     6  stm32f10x_adc.o(.text)
    ADC_AnalogWatchdogSingleChannelConfig    0x08001be1   Thumb Code    16  stm32f10x_adc.o(.text)
    ADC_TempSensorVrefintCmd                 0x08001bf1   Thumb Code    64  stm32f10x_adc.o(.text)
    ADC_GetFlagStatus                        0x08001c31   Thumb Code    18  stm32f10x_adc.o(.text)
    ADC_ClearFlag                            0x08001c43   Thumb Code     6  stm32f10x_adc.o(.text)
    ADC_GetITStatus                          0x08001c49   Thumb Code    36  stm32f10x_adc.o(.text)
    ADC_ClearITPendingBit                    0x08001c6d   Thumb Code    10  stm32f10x_adc.o(.text)
    DMA_DeInit                               0x08001c79   Thumb Code   324  stm32f10x_dma.o(.text)
    DMA_Init                                 0x08001dbd   Thumb Code    60  stm32f10x_dma.o(.text)
    DMA_StructInit                           0x08001df9   Thumb Code    26  stm32f10x_dma.o(.text)
    DMA_Cmd                                  0x08001e13   Thumb Code    24  stm32f10x_dma.o(.text)
    DMA_ITConfig                             0x08001e2b   Thumb Code    18  stm32f10x_dma.o(.text)
    DMA_SetCurrDataCounter                   0x08001e3d   Thumb Code     4  stm32f10x_dma.o(.text)
    DMA_GetCurrDataCounter                   0x08001e41   Thumb Code     8  stm32f10x_dma.o(.text)
    DMA_GetFlagStatus                        0x08001e49   Thumb Code    40  stm32f10x_dma.o(.text)
    DMA_ClearFlag                            0x08001e71   Thumb Code    22  stm32f10x_dma.o(.text)
    DMA_GetITStatus                          0x08001e87   Thumb Code    40  stm32f10x_dma.o(.text)
    DMA_ClearITPendingBit                    0x08001eaf   Thumb Code    22  stm32f10x_dma.o(.text)
    TIM_DeInit                               0x08001ecd   Thumb Code   424  stm32f10x_tim.o(.text)
    TIM_TimeBaseInit                         0x08002075   Thumb Code   122  stm32f10x_tim.o(.text)
    TIM_OC1Init                              0x080020ef   Thumb Code   132  stm32f10x_tim.o(.text)
    TIM_OC2Init                              0x08002173   Thumb Code   154  stm32f10x_tim.o(.text)
    TIM_OC3Init                              0x0800220d   Thumb Code   150  stm32f10x_tim.o(.text)
    TIM_OC4Init                              0x080022a3   Thumb Code   182  stm32f10x_tim.o(.text)
    TIM_SetIC4Prescaler                      0x08002359   Thumb Code    26  stm32f10x_tim.o(.text)
    TIM_SetIC3Prescaler                      0x080023f5   Thumb Code    18  stm32f10x_tim.o(.text)
    TIM_SetIC2Prescaler                      0x08002481   Thumb Code    26  stm32f10x_tim.o(.text)
    TIM_SetIC1Prescaler                      0x0800251d   Thumb Code    18  stm32f10x_tim.o(.text)
    TIM_ICInit                               0x0800259b   Thumb Code   150  stm32f10x_tim.o(.text)
    TIM_PWMIConfig                           0x08002631   Thumb Code   124  stm32f10x_tim.o(.text)
    TIM_BDTRConfig                           0x080026ad   Thumb Code    32  stm32f10x_tim.o(.text)
    TIM_TimeBaseStructInit                   0x080026cd   Thumb Code    18  stm32f10x_tim.o(.text)
    TIM_OCStructInit                         0x080026df   Thumb Code    20  stm32f10x_tim.o(.text)
    TIM_ICStructInit                         0x080026f3   Thumb Code    18  stm32f10x_tim.o(.text)
    TIM_BDTRStructInit                       0x08002705   Thumb Code    40  stm32f10x_tim.o(.text)
    TIM_Cmd                                  0x0800272d   Thumb Code    24  stm32f10x_tim.o(.text)
    TIM_CtrlPWMOutputs                       0x08002745   Thumb Code    30  stm32f10x_tim.o(.text)
    TIM_ITConfig                             0x08002763   Thumb Code    18  stm32f10x_tim.o(.text)
    TIM_GenerateEvent                        0x08002775   Thumb Code     4  stm32f10x_tim.o(.text)
    TIM_DMAConfig                            0x08002779   Thumb Code    10  stm32f10x_tim.o(.text)
    TIM_DMACmd                               0x08002783   Thumb Code    18  stm32f10x_tim.o(.text)
    TIM_InternalClockConfig                  0x08002795   Thumb Code    12  stm32f10x_tim.o(.text)
    TIM_SelectInputTrigger                   0x080027a1   Thumb Code    18  stm32f10x_tim.o(.text)
    TIM_ITRxExternalClockConfig              0x080027b3   Thumb Code    24  stm32f10x_tim.o(.text)
    TIM_TIxExternalClockConfig               0x080027cb   Thumb Code    62  stm32f10x_tim.o(.text)
    TIM_ETRConfig                            0x08002809   Thumb Code    28  stm32f10x_tim.o(.text)
    TIM_ETRClockMode1Config                  0x08002825   Thumb Code    54  stm32f10x_tim.o(.text)
    TIM_ETRClockMode2Config                  0x0800285b   Thumb Code    32  stm32f10x_tim.o(.text)
    TIM_PrescalerConfig                      0x0800287b   Thumb Code     6  stm32f10x_tim.o(.text)
    TIM_CounterModeConfig                    0x08002881   Thumb Code    18  stm32f10x_tim.o(.text)
    TIM_EncoderInterfaceConfig               0x08002893   Thumb Code    66  stm32f10x_tim.o(.text)
    TIM_ForcedOC1Config                      0x080028d5   Thumb Code    18  stm32f10x_tim.o(.text)
    TIM_ForcedOC2Config                      0x080028e7   Thumb Code    26  stm32f10x_tim.o(.text)
    TIM_ForcedOC3Config                      0x08002901   Thumb Code    18  stm32f10x_tim.o(.text)
    TIM_ForcedOC4Config                      0x08002913   Thumb Code    26  stm32f10x_tim.o(.text)
    TIM_ARRPreloadConfig                     0x0800292d   Thumb Code    24  stm32f10x_tim.o(.text)
    TIM_SelectCOM                            0x08002945   Thumb Code    24  stm32f10x_tim.o(.text)
    TIM_SelectCCDMA                          0x0800295d   Thumb Code    24  stm32f10x_tim.o(.text)
    TIM_CCPreloadControl                     0x08002975   Thumb Code    24  stm32f10x_tim.o(.text)
    TIM_OC1PreloadConfig                     0x0800298d   Thumb Code    18  stm32f10x_tim.o(.text)
    TIM_OC2PreloadConfig                     0x0800299f   Thumb Code    26  stm32f10x_tim.o(.text)
    TIM_OC3PreloadConfig                     0x080029b9   Thumb Code    18  stm32f10x_tim.o(.text)
    TIM_OC4PreloadConfig                     0x080029cb   Thumb Code    26  stm32f10x_tim.o(.text)
    TIM_OC1FastConfig                        0x080029e5   Thumb Code    18  stm32f10x_tim.o(.text)
    TIM_OC2FastConfig                        0x080029f7   Thumb Code    26  stm32f10x_tim.o(.text)
    TIM_OC3FastConfig                        0x08002a11   Thumb Code    18  stm32f10x_tim.o(.text)
    TIM_OC4FastConfig                        0x08002a23   Thumb Code    26  stm32f10x_tim.o(.text)
    TIM_ClearOC1Ref                          0x08002a3d   Thumb Code    18  stm32f10x_tim.o(.text)
    TIM_ClearOC2Ref                          0x08002a4f   Thumb Code    24  stm32f10x_tim.o(.text)
    TIM_ClearOC3Ref                          0x08002a67   Thumb Code    18  stm32f10x_tim.o(.text)
    TIM_ClearOC4Ref                          0x08002a79   Thumb Code    24  stm32f10x_tim.o(.text)
    TIM_OC1PolarityConfig                    0x08002a91   Thumb Code    18  stm32f10x_tim.o(.text)
    TIM_OC1NPolarityConfig                   0x08002aa3   Thumb Code    18  stm32f10x_tim.o(.text)
    TIM_OC2PolarityConfig                    0x08002ab5   Thumb Code    26  stm32f10x_tim.o(.text)
    TIM_OC2NPolarityConfig                   0x08002acf   Thumb Code    26  stm32f10x_tim.o(.text)
    TIM_OC3PolarityConfig                    0x08002ae9   Thumb Code    26  stm32f10x_tim.o(.text)
    TIM_OC3NPolarityConfig                   0x08002b03   Thumb Code    26  stm32f10x_tim.o(.text)
    TIM_OC4PolarityConfig                    0x08002b1d   Thumb Code    26  stm32f10x_tim.o(.text)
    TIM_CCxCmd                               0x08002b37   Thumb Code    30  stm32f10x_tim.o(.text)
    TIM_CCxNCmd                              0x08002b55   Thumb Code    30  stm32f10x_tim.o(.text)
    TIM_SelectOCxM                           0x08002b73   Thumb Code    82  stm32f10x_tim.o(.text)
    TIM_UpdateDisableConfig                  0x08002bc5   Thumb Code    24  stm32f10x_tim.o(.text)
    TIM_UpdateRequestConfig                  0x08002bdd   Thumb Code    24  stm32f10x_tim.o(.text)
    TIM_SelectHallSensor                     0x08002bf5   Thumb Code    24  stm32f10x_tim.o(.text)
    TIM_SelectOnePulseMode                   0x08002c0d   Thumb Code    18  stm32f10x_tim.o(.text)
    TIM_SelectOutputTrigger                  0x08002c1f   Thumb Code    18  stm32f10x_tim.o(.text)
    TIM_SelectSlaveMode                      0x08002c31   Thumb Code    18  stm32f10x_tim.o(.text)
    TIM_SelectMasterSlaveMode                0x08002c43   Thumb Code    18  stm32f10x_tim.o(.text)
    TIM_SetCounter                           0x08002c55   Thumb Code     4  stm32f10x_tim.o(.text)
    TIM_SetAutoreload                        0x08002c59   Thumb Code     4  stm32f10x_tim.o(.text)
    TIM_SetCompare1                          0x08002c5d   Thumb Code     4  stm32f10x_tim.o(.text)
    TIM_SetCompare2                          0x08002c61   Thumb Code     4  stm32f10x_tim.o(.text)
    TIM_SetCompare3                          0x08002c65   Thumb Code     4  stm32f10x_tim.o(.text)
    TIM_SetCompare4                          0x08002c69   Thumb Code     6  stm32f10x_tim.o(.text)
    TIM_SetClockDivision                     0x08002c6f   Thumb Code    18  stm32f10x_tim.o(.text)
    TIM_GetCapture1                          0x08002c81   Thumb Code     6  stm32f10x_tim.o(.text)
    TIM_GetCapture2                          0x08002c87   Thumb Code     6  stm32f10x_tim.o(.text)
    TIM_GetCapture3                          0x08002c8d   Thumb Code     6  stm32f10x_tim.o(.text)
    TIM_GetCapture4                          0x08002c93   Thumb Code     8  stm32f10x_tim.o(.text)
    TIM_GetCounter                           0x08002c9b   Thumb Code     6  stm32f10x_tim.o(.text)
    TIM_GetPrescaler                         0x08002ca1   Thumb Code     6  stm32f10x_tim.o(.text)
    TIM_GetFlagStatus                        0x08002ca7   Thumb Code    18  stm32f10x_tim.o(.text)
    TIM_ClearFlag                            0x08002cb9   Thumb Code     6  stm32f10x_tim.o(.text)
    TIM_GetITStatus                          0x08002cbf   Thumb Code    34  stm32f10x_tim.o(.text)
    TIM_ClearITPendingBit                    0x08002ce1   Thumb Code     6  stm32f10x_tim.o(.text)
    NVIC_PriorityGroupConfig                 0x08002ce9   Thumb Code    10  misc.o(.text)
    NVIC_Init                                0x08002cf3   Thumb Code   100  misc.o(.text)
    NVIC_SetVectorTable                      0x08002d57   Thumb Code    14  misc.o(.text)
    NVIC_SystemLPConfig                      0x08002d65   Thumb Code    34  misc.o(.text)
    SysTick_CLKSourceConfig                  0x08002d87   Thumb Code    40  misc.o(.text)
    SPI_I2S_DeInit                           0x08002dc5   Thumb Code    76  stm32f10x_spi.o(.text)
    SPI_Init                                 0x08002e11   Thumb Code    60  stm32f10x_spi.o(.text)
    I2S_Init                                 0x08002e4d   Thumb Code   226  stm32f10x_spi.o(.text)
    SPI_StructInit                           0x08002f2f   Thumb Code    24  stm32f10x_spi.o(.text)
    I2S_StructInit                           0x08002f47   Thumb Code    20  stm32f10x_spi.o(.text)
    SPI_Cmd                                  0x08002f5b   Thumb Code    24  stm32f10x_spi.o(.text)
    I2S_Cmd                                  0x08002f73   Thumb Code    24  stm32f10x_spi.o(.text)
    SPI_I2S_ITConfig                         0x08002f8b   Thumb Code    32  stm32f10x_spi.o(.text)
    SPI_I2S_DMACmd                           0x08002fab   Thumb Code    18  stm32f10x_spi.o(.text)
    SPI_I2S_SendData                         0x08002fbd   Thumb Code     4  stm32f10x_spi.o(.text)
    SPI_I2S_ReceiveData                      0x08002fc1   Thumb Code     6  stm32f10x_spi.o(.text)
    SPI_NSSInternalSoftwareConfig            0x08002fc7   Thumb Code    30  stm32f10x_spi.o(.text)
    SPI_SSOutputCmd                          0x08002fe5   Thumb Code    24  stm32f10x_spi.o(.text)
    SPI_DataSizeConfig                       0x08002ffd   Thumb Code    18  stm32f10x_spi.o(.text)
    SPI_TransmitCRC                          0x0800300f   Thumb Code    10  stm32f10x_spi.o(.text)
    SPI_CalculateCRC                         0x08003019   Thumb Code    24  stm32f10x_spi.o(.text)
    SPI_GetCRC                               0x08003031   Thumb Code    16  stm32f10x_spi.o(.text)
    SPI_GetCRCPolynomial                     0x08003041   Thumb Code     6  stm32f10x_spi.o(.text)
    SPI_BiDirectionalLineConfig              0x08003047   Thumb Code    28  stm32f10x_spi.o(.text)
    SPI_I2S_GetFlagStatus                    0x08003063   Thumb Code    18  stm32f10x_spi.o(.text)
    SPI_I2S_ClearFlag                        0x08003075   Thumb Code     6  stm32f10x_spi.o(.text)
    SPI_I2S_GetITStatus                      0x0800307b   Thumb Code    52  stm32f10x_spi.o(.text)
    SPI_I2S_ClearITPendingBit                0x080030af   Thumb Code    20  stm32f10x_spi.o(.text)
    SystemInit                               0x080031af   Thumb Code    78  system_stm32f10x.o(.text)
    SystemCoreClockUpdate                    0x080031fd   Thumb Code   142  system_stm32f10x.o(.text)
    __aeabi_fadd                             0x080032b1   Thumb Code   164  fadd.o(.text)
    __aeabi_fsub                             0x08003355   Thumb Code     6  fadd.o(.text)
    __aeabi_frsub                            0x0800335b   Thumb Code     6  fadd.o(.text)
    __aeabi_fmul                             0x08003361   Thumb Code   100  fmul.o(.text)
    __aeabi_fdiv                             0x080033c5   Thumb Code   124  fdiv.o(.text)
    __aeabi_i2f                              0x08003441   Thumb Code    18  fflti.o(.text)
    __aeabi_f2iz                             0x08003453   Thumb Code    50  ffixi.o(.text)
    __aeabi_uidiv                            0x08003485   Thumb Code     0  uidiv.o(.text)
    __aeabi_uidivmod                         0x08003485   Thumb Code    44  uidiv.o(.text)
    __I$use$fp                               0x080034b1   Thumb Code     0  iusefp.o(.text)
    _float_round                             0x080034b1   Thumb Code    18  fepilogue.o(.text)
    _float_epilogue                          0x080034c3   Thumb Code    92  fepilogue.o(.text)
    __scatterload                            0x08003521   Thumb Code    28  init.o(.text)
    __scatterload_rt2                        0x08003521   Thumb Code     0  init.o(.text)
    __0printf$6                              0x08003545   Thumb Code    22  printf6.o(i.__0printf$6)
    __1printf$6                              0x08003545   Thumb Code     0  printf6.o(i.__0printf$6)
    __2printf                                0x08003545   Thumb Code     0  printf6.o(i.__0printf$6)
    __0sprintf$6                             0x08003565   Thumb Code    34  printf6.o(i.__0sprintf$6)
    __1sprintf$6                             0x08003565   Thumb Code     0  printf6.o(i.__0sprintf$6)
    __2sprintf                               0x08003565   Thumb Code     0  printf6.o(i.__0sprintf$6)
    __scatterload_copy                       0x0800358d   Thumb Code    14  handlers.o(i.__scatterload_copy)
    __scatterload_null                       0x0800359b   Thumb Code     2  handlers.o(i.__scatterload_null)
    __scatterload_zeroinit                   0x0800359d   Thumb Code    14  handlers.o(i.__scatterload_zeroinit)
    Region$$Table$$Base                      0x080038f8   Number         0  anon$$obj.o(Region$$Table)
    Region$$Table$$Limit                     0x08003918   Number         0  anon$$obj.o(Region$$Table)
    ThrottlePulseProp                        0x20000000   Data           4  main.o(.data)
    PitchPulseProp                           0x20000004   Data           4  main.o(.data)
    RollPulseProp                            0x20000008   Data           4  main.o(.data)
    status                                   0x2000000c   Data           1  main.o(.data)
    FilterFlag                               0x2000000d   Data           1  filter.o(.data)
    SendFlag                                 0x2000000e   Data           1  interrupt.o(.data)
    TX_ADDRESS                               0x2000000f   Data           5  spi_nrf.o(.data)
    RX_ADDRESS                               0x20000014   Data           5  spi_nrf.o(.data)
    SystemCoreClock                          0x20000030   Data           4  system_stm32f10x.o(.data)
    AHBPrescTable                            0x20000034   Data          16  system_stm32f10x.o(.data)
    __stdout                                 0x20000044   Data           4  stdout.o(.data)
    ADC_ConvertedValue                       0x20000048   Data         192  adc.o(.bss)
    After_filter                             0x20000108   Data          12  filter.o(.bss)
    CommandBuf                               0x20000114   Data          24  commandcalc.o(.bss)
    __initial_sp                             0x20000530   Data           0  startup_stm32f10x_hd.o(STACK)



==============================================================================

Memory Map of the image

  Image Entry point : 0x08000131

  Load Region LR_IROM1 (Base: 0x08000000, Size: 0x00003960, Max: 0x00080000, ABSOLUTE)

    Execution Region ER_IROM1 (Base: 0x08000000, Size: 0x00003918, Max: 0x00080000, ABSOLUTE)

    Base Addr    Size         Type   Attr      Idx    E Section Name        Object

    0x08000000   0x00000130   Data   RO            3    RESET               startup_stm32f10x_hd.o
    0x08000130   0x00000000   Code   RO          368  * .ARM.Collect$$$$00000000  mc_w.l(entry.o)
    0x08000130   0x00000004   Code   RO          642    .ARM.Collect$$$$00000001  mc_w.l(entry2.o)
    0x08000134   0x00000004   Code   RO          645    .ARM.Collect$$$$00000004  mc_w.l(entry5.o)
    0x08000138   0x00000000   Code   RO          647    .ARM.Collect$$$$00000008  mc_w.l(entry7b.o)
    0x08000138   0x00000000   Code   RO          649    .ARM.Collect$$$$0000000A  mc_w.l(entry8b.o)
    0x08000138   0x00000008   Code   RO          650    .ARM.Collect$$$$0000000B  mc_w.l(entry9a.o)
    0x08000140   0x00000000   Code   RO          652    .ARM.Collect$$$$0000000D  mc_w.l(entry10a.o)
    0x08000140   0x00000000   Code   RO          654    .ARM.Collect$$$$0000000F  mc_w.l(entry11a.o)
    0x08000140   0x00000004   Code   RO          643    .ARM.Collect$$$$00002712  mc_w.l(entry2.o)
    0x08000144   0x00000024   Code   RO            4    .text               startup_stm32f10x_hd.o
    0x08000168   0x00000160   Code   RO           10    .text               main.o
    0x080002c8   0x0000001a   Code   RO          102    .text               stm32f10x_it.o
    0x080002e2   0x00000002   PAD
    0x080002e4   0x00000204   Code   RO          117    .text               usart1.o
    0x080004e8   0x00000150   Code   RO          136    .text               adc.o
    0x08000638   0x00000050   Code   RO          151    .text               filter.o
    0x08000688   0x00000048   Code   RO          168    .text               interrupt.o
    0x080006d0   0x00000110   Code   RO          183    .text               timer.o
    0x080007e0   0x00000138   Code   RO          195    .text               commandcalc.o
    0x08000918   0x00000060   Code   RO          214    .text               mygpio.o
    0x08000978   0x000003a8   Code   RO          226    .text               spi_nrf.o
    0x08000d20   0x000003a4   Code   RO          242    .text               stm32f10x_rcc.o
    0x080010c4   0x0000035c   Code   RO          256    .text               stm32f10x_gpio.o
    0x08001420   0x00000408   Code   RO          268    .text               stm32f10x_usart.o
    0x08001828   0x0000044e   Code   RO          280    .text               stm32f10x_adc.o
    0x08001c76   0x00000002   PAD
    0x08001c78   0x00000254   Code   RO          292    .text               stm32f10x_dma.o
    0x08001ecc   0x00000e1a   Code   RO          304    .text               stm32f10x_tim.o
    0x08002ce6   0x00000002   PAD
    0x08002ce8   0x000000dc   Code   RO          316    .text               misc.o
    0x08002dc4   0x0000030c   Code   RO          328    .text               stm32f10x_spi.o
    0x080030d0   0x000001e0   Code   RO          350    .text               system_stm32f10x.o
    0x080032b0   0x000000b0   Code   RO          632    .text               mf_w.l(fadd.o)
    0x08003360   0x00000064   Code   RO          634    .text               mf_w.l(fmul.o)
    0x080033c4   0x0000007c   Code   RO          636    .text               mf_w.l(fdiv.o)
    0x08003440   0x00000012   Code   RO          638    .text               mf_w.l(fflti.o)
    0x08003452   0x00000032   Code   RO          640    .text               mf_w.l(ffixi.o)
    0x08003484   0x0000002c   Code   RO          657    .text               mc_w.l(uidiv.o)
    0x080034b0   0x00000000   Code   RO          661    .text               mc_w.l(iusefp.o)
    0x080034b0   0x0000006e   Code   RO          662    .text               mf_w.l(fepilogue.o)
    0x0800351e   0x00000002   PAD
    0x08003520   0x00000024   Code   RO          674    .text               mc_w.l(init.o)
    0x08003544   0x00000020   Code   RO          526    i.__0printf$6       mc_w.l(printf6.o)
    0x08003564   0x00000028   Code   RO          528    i.__0sprintf$6      mc_w.l(printf6.o)
    0x0800358c   0x0000000e   Code   RO          686    i.__scatterload_copy  mc_w.l(handlers.o)
    0x0800359a   0x00000002   Code   RO          687    i.__scatterload_null  mc_w.l(handlers.o)
    0x0800359c   0x0000000e   Code   RO          688    i.__scatterload_zeroinit  mc_w.l(handlers.o)
    0x080035aa   0x00000002   PAD
    0x080035ac   0x000002f0   Code   RO          533    i._printf_core      mc_w.l(printf6.o)
    0x0800389c   0x00000024   Code   RO          534    i._printf_post_padding  mc_w.l(printf6.o)
    0x080038c0   0x0000002e   Code   RO          535    i._printf_pre_padding  mc_w.l(printf6.o)
    0x080038ee   0x0000000a   Code   RO          537    i._sputc            mc_w.l(printf6.o)
    0x080038f8   0x00000020   Data   RO          684    Region$$Table       anon$$obj.o


    Execution Region RW_IRAM1 (Base: 0x20000000, Size: 0x00000530, Max: 0x00010000, ABSOLUTE)

    Base Addr    Size         Type   Attr      Idx    E Section Name        Object

    0x20000000   0x0000000d   Data   RW           11    .data               main.o
    0x2000000d   0x00000001   Data   RW          153    .data               filter.o
    0x2000000e   0x00000001   Data   RW          169    .data               interrupt.o
    0x2000000f   0x0000000a   Data   RW          228    .data               spi_nrf.o
    0x20000019   0x00000014   Data   RW          243    .data               stm32f10x_rcc.o
    0x2000002d   0x00000003   PAD
    0x20000030   0x00000014   Data   RW          351    .data               system_stm32f10x.o
    0x20000044   0x00000004   Data   RW          656    .data               mc_w.l(stdout.o)
    0x20000048   0x000000c0   Zero   RW          137    .bss                adc.o
    0x20000108   0x0000000c   Zero   RW          152    .bss                filter.o
    0x20000114   0x00000018   Zero   RW          196    .bss                commandcalc.o
    0x2000012c   0x00000004   PAD
    0x20000130   0x00000400   Zero   RW            1    STACK               startup_stm32f10x_hd.o


==============================================================================

Image component sizes


      Code (inc. data)   RO Data    RW Data    ZI Data      Debug   Object Name

       336         18          0          0        192       1373   adc.o
       312         50          0          0         24       1241   commandcalc.o
        80         12          0          1         12       1048   filter.o
        72         14          0          1          0        769   interrupt.o
       352         82          0         13          0     279047   main.o
       220         22          0          0          0       1621   misc.o
        96         10          0          0          0        458   mygpio.o
       936         34          0         10          0       3932   spi_nrf.o
        36          8        304          0       1024        812   startup_stm32f10x_hd.o
      1102         26          0          0          0      10721   stm32f10x_adc.o
       596          8          0          0          0       4218   stm32f10x_dma.o
       860         38          0          0          0       5537   stm32f10x_gpio.o
        26          0          0          0          0       1158   stm32f10x_it.o
       932         36          0         20          0       8664   stm32f10x_rcc.o
       780         14          0          0          0       6414   stm32f10x_spi.o
      3610         88          0          0          0      22020   stm32f10x_tim.o
      1032         22          0          0          0       8256   stm32f10x_usart.o
       480         38          0         20          0       1695   system_stm32f10x.o
       272          8          0          0          0        802   timer.o
       516         10          0          0          0       3788   usart1.o

    ----------------------------------------------------------------------
     12652        538        336         68       1256     363574   Object Totals
         0          0         32          0          0          0   (incl. Generated)
         6          0          0          3          4          0   (incl. Padding)

    ----------------------------------------------------------------------

      Code (inc. data)   RO Data    RW Data    ZI Data      Debug   Library Member Name

         0          0          0          0          0          0   entry.o
         0          0          0          0          0          0   entry10a.o
         0          0          0          0          0          0   entry11a.o
         8          4          0          0          0          0   entry2.o
         4          0          0          0          0          0   entry5.o
         0          0          0          0          0          0   entry7b.o
         0          0          0          0          0          0   entry8b.o
         8          4          0          0          0          0   entry9a.o
        30          0          0          0          0          0   handlers.o
        36          8          0          0          0         68   init.o
         0          0          0          0          0          0   iusefp.o
       916         20          0          0          0        504   printf6.o
         0          0          0          4          0          0   stdout.o
        44          0          0          0          0         80   uidiv.o
       176          0          0          0          0        140   fadd.o
       124          0          0          0          0         88   fdiv.o
       110          0          0          0          0        168   fepilogue.o
        50          0          0          0          0         68   ffixi.o
        18          0          0          0          0         68   fflti.o
       100          0          0          0          0         76   fmul.o

    ----------------------------------------------------------------------
      1628         36          0          4          0       1260   Library Totals
         4          0          0          0          0          0   (incl. Padding)

    ----------------------------------------------------------------------

      Code (inc. data)   RO Data    RW Data    ZI Data      Debug   Library Name

      1046         36          0          4          0        652   mc_w.l
       578          0          0          0          0        608   mf_w.l

    ----------------------------------------------------------------------
      1628         36          0          4          0       1260   Library Totals

    ----------------------------------------------------------------------

==============================================================================


      Code (inc. data)   RO Data    RW Data    ZI Data      Debug   

     14280        574        336         72       1256     362750   Grand Totals
     14280        574        336         72       1256     362750   ELF Image Totals
     14280        574        336         72          0          0   ROM Totals

==============================================================================

    Total RO  Size (Code + RO Data)                14616 (  14.27kB)
    Total RW  Size (RW Data + ZI Data)              1328 (   1.30kB)
    Total ROM Size (Code + RO Data + RW Data)      14688 (  14.34kB)

==============================================================================

