<html>
<body>
<pre>
<h1>µVision Build Log</h1>
<h2>Project:</h2>
E:\SRT_Glider\SRT\reciever_NRF24L01\USER\STM32-DEMO (2).uvproj
Project File Date:  05/28/2015

<h2>Output:</h2>
Build target 'ADC1-DEMO'
linking...
Program Size: Code=14254 RO-data=402 RW-data=72 ZI-data=1256  
FromELF: creating hex file...
"..\Output\STM32-DEMO.axf" - 0 Error(s), 0 Warning(s).
</pre>
</body>
</html>
,,,%d,,,%dend",&ThroPulse,&Flap1Pulse,&Flap2Pulse);
main.c: 1 warning, 0 errors
linking...
Program Size: Code=14254 RO-data=402 RW-data=72 ZI-data=1256  
FromELF: creating hex file...
"..\Output\STM32-DEMO.axf" - 0 Error(s), 1 Warning(s).
 RW-data=72 ZI-data=1256  
FromELF: creating hex file...
"..\Output\STM32-DEMO.axf" - 0 Error(s), 2 Warning(s).
