<html>
<body>
<pre>
<h1>µVision Build Log</h1>
<h2>Project:</h2>
E:\SRT_Glider\SRT\reciever_NRF24L01\USER\STM32-DEMO (2).uvproj
Project File Date:  05/28/2015

<h2>Output:</h2>
Build target 'ADC1-DEMO'
linking...
Program Size: Code=14450 RO-data=402 RW-data=68 ZI-data=1260  
FromELF: creating hex file...
"..\Output\STM32-DEMO.axf" - 0 Error(s), 0 Warning(s).
</pre>
</body>
</html>
,,,%d,,,%dend",&ThroPulse,&Flap1Pulse,&Flap2Pulse);
main.c: 1 warning, 0 errors
linking...
Program Size: Code=14450 RO-data=402 RW-data=68 ZI-data=1260  
FromELF: creating hex file...
"..\Output\STM32-DEMO.axf" - 0 Error(s), 1 Warning(s).
peDef NVIC_InitStructure;
Timer.c: 1 warning, 0 errors
compiling myGPIO.c...
linking...
Program Size: Code=14450 RO-data=402 RW-data=68 ZI-data=1260  
FromELF: creating hex file...
"..\Output\STM32-DEMO.axf" - 0 Error(s), 2 Warning(s).
Buf+10),"%4d,,,",Pulse);
CommandCalc.c(37): warning:  #167-D: argument of type "unsigned char *" is incompatible with parameter of type "char *restrict"
        sprintf((CommandBuf+17),"%4dend",Pulse);
CommandCalc.c: 3 warnings, 0 errors
linking...
Program Size: Code=14366 RO-data=402 RW-data=68 ZI-data=1260  
FromELF: creating hex file...
"..\Output\STM32-DEMO.axf" - 0 Error(s), 4 Warning(s).
